Component: ARM Compiler 5.06 update 6 (build 750) Tool: armlink [4d35ed]

==============================================================================

Section Cross References

    main.o(i.DC1MotorTask) refers to os_sem.o(i.OSSemPend) for OSSemPend
    main.o(i.DC1MotorTask) refers to xfs5152ce.o(i.XFS_SendPkt) for XFS_SendPkt
    main.o(i.DC1MotorTask) refers to motor.o(i.Motor1SpeedOut) for Motor1SpeedOut
    main.o(i.DC1MotorTask) refers to os_time.o(i.OSTimeDly) for OSTimeDly
    main.o(i.DC1MotorTask) refers to os_sem.o(i.OSSemSet) for OSSemSet
    main.o(i.DC1MotorTask) refers to main.o(.data) for semFloorFir
    main.o(i.DC2MotorTask) refers to os_sem.o(i.OSSemPend) for OSSemPend
    main.o(i.DC2MotorTask) refers to xfs5152ce.o(i.XFS_SendPkt) for XFS_SendPkt
    main.o(i.DC2MotorTask) refers to motor.o(i.Motor2SpeedOut) for Motor2SpeedOut
    main.o(i.DC2MotorTask) refers to os_time.o(i.OSTimeDly) for OSTimeDly
    main.o(i.DC2MotorTask) refers to os_sem.o(i.OSSemSet) for OSSemSet
    main.o(i.DC2MotorTask) refers to main.o(.data) for semFloorSec
    main.o(i.IwdgTmrCallBack) refers to led.o(i.Led2Switch) for Led2Switch
    main.o(i.IwdgTmrCallBack) refers to iwdg.o(i.IwdgFeed) for IwdgFeed
    main.o(i.IwdgTmrCallBack) refers to os_cpu_a.o(.text) for OS_CPU_SR_Save
    main.o(i.IwdgTmrCallBack) refers to savedata.o(i.PaperNumSaveData) for PaperNumSaveData
    main.o(i.IwdgTmrCallBack) refers to main.o(.data) for timeNum
    main.o(i.LcdShowTask) refers to dht11.o(i.DHT11_Init) for DHT11_Init
    main.o(i.LcdShowTask) refers to os_time.o(i.OSTimeDly) for OSTimeDly
    main.o(i.LcdShowTask) refers to dht11.o(i.DHT11_Read_Data) for DHT11_Read_Data
    main.o(i.LcdShowTask) refers to lcd.o(i.LCD_ShowString) for LCD_ShowString
    main.o(i.LcdShowTask) refers to lcd.o(i.LCD_ShowNum) for LCD_ShowNum
    main.o(i.LcdShowTask) refers to lcd.o(i.LCD_DrawRectangle) for LCD_DrawRectangle
    main.o(i.LcdShowTask) refers to lcd.o(i.LCD_Draw_Circle) for LCD_Draw_Circle
    main.o(i.LcdShowTask) refers to main.o(.data) for humidity
    main.o(i.LcdShowTask) refers to os_core.o(.data) for OSCPUUsage
    main.o(i.StartTask) refers to os_sem.o(i.OSSemCreate) for OSSemCreate
    main.o(i.StartTask) refers to esp8266.o(i.ESP8266_Init) for ESP8266_Init
    main.o(i.StartTask) refers to os_flag.o(i.OSFlagCreate) for OSFlagCreate
    main.o(i.StartTask) refers to os_core.o(i.OSStatInit) for OSStatInit
    main.o(i.StartTask) refers to os_cpu_a.o(.text) for OS_CPU_SR_Save
    main.o(i.StartTask) refers to os_tmr.o(i.OSTmrCreate) for OSTmrCreate
    main.o(i.StartTask) refers to os_tmr.o(i.OSTmrStart) for OSTmrStart
    main.o(i.StartTask) refers to __2printf.o(.text) for __2printf
    main.o(i.StartTask) refers to os_task.o(i.OSTaskCreate) for OSTaskCreate
    main.o(i.StartTask) refers to iwdg.o(i.IwdgInit) for IwdgInit
    main.o(i.StartTask) refers to os_task.o(i.OSTaskSuspend) for OSTaskSuspend
    main.o(i.StartTask) refers to main.o(.data) for semWifi
    main.o(i.StartTask) refers to main.o(i.IwdgTmrCallBack) for IwdgTmrCallBack
    main.o(i.StartTask) refers to main.o(.bss) for uartTaskStk
    main.o(i.StartTask) refers to main.o(i.UartTask) for UartTask
    main.o(i.StartTask) refers to main.o(i.TP_Task) for TP_Task
    main.o(i.StartTask) refers to main.o(i.WifiTrmTask) for WifiTrmTask
    main.o(i.StartTask) refers to main.o(i.WifiRevTask) for WifiRevTask
    main.o(i.StartTask) refers to main.o(i.DC1MotorTask) for DC1MotorTask
    main.o(i.StartTask) refers to main.o(i.DC2MotorTask) for DC2MotorTask
    main.o(i.StartTask) refers to main.o(i.TravelMotorTask) for TravelMotorTask
    main.o(i.StartTask) refers to main.o(i.LcdShowTask) for LcdShowTask
    main.o(i.TP_Task) refers to lcd.o(i.LCD_ShowString) for LCD_ShowString
    main.o(i.TP_Task) refers to touch.o(i.Load_Drow_Dialog) for Load_Drow_Dialog
    main.o(i.TP_Task) refers to savedata.o(i.PaperNumGetData) for PaperNumGetData
    main.o(i.TP_Task) refers to os_flag.o(i.OSFlagPend) for OSFlagPend
    main.o(i.TP_Task) refers to os_flag.o(i.OSFlagPost) for OSFlagPost
    main.o(i.TP_Task) refers to os_sem.o(i.OSSemPost) for OSSemPost
    main.o(i.TP_Task) refers to touch.o(i.TP_Draw_Big_Point) for TP_Draw_Big_Point
    main.o(i.TP_Task) refers to touch.o(.data) for tp_dev
    main.o(i.TP_Task) refers to lcd.o(.data) for POINT_COLOR
    main.o(i.TP_Task) refers to main.o(.data) for flagTP
    main.o(i.TP_Task) refers to lcd.o(.bss) for lcddev
    main.o(i.TravelMotorTask) refers to os_sem.o(i.OSSemPend) for OSSemPend
    main.o(i.TravelMotorTask) refers to motor.o(i.TravelMotorCtrl) for TravelMotorCtrl
    main.o(i.TravelMotorTask) refers to led.o(i.Led3Switch) for Led3Switch
    main.o(i.TravelMotorTask) refers to os_time.o(i.OSTimeDly) for OSTimeDly
    main.o(i.TravelMotorTask) refers to os_sem.o(i.OSSemSet) for OSSemSet
    main.o(i.TravelMotorTask) refers to xfs5152ce.o(i.XFS_SendPkt) for XFS_SendPkt
[...]
    _wcrtomb                                 0x080014a9   Thumb Code    64  _wcrtomb.o(.text)
    __user_libspace                          0x080014e9   Thumb Code     8  libspace.o(.text)
    __user_perproc_libspace                  0x080014e9   Thumb Code     0  libspace.o(.text)
    __user_perthread_libspace                0x080014e9   Thumb Code     0  libspace.o(.text)
    __user_setup_stackheap                   0x080014f1   Thumb Code    74  sys_stackheap_outer.o(.text)
    __rt_ctype_table                         0x0800153d   Thumb Code    16  rt_ctype_table.o(.text)
    __rt_locale                              0x0800154d   Thumb Code     8  rt_locale_intlibspace.o(.text)
    _printf_fp_infnan                        0x08001555   Thumb Code   112  _printf_fp_infnan.o(.text)
    _btod_etento                             0x080015d5   Thumb Code   224  bigflt0.o(.text)
    exit                                     0x080016b9   Thumb Code    18  exit.o(.text)
    strcmp                                   0x080016cd   Thumb Code   128  strcmpv7m.o(.text)
    _btod_d2e                                0x0800174d   Thumb Code    62  btod.o(CL$$btod_d2e)
    _d2e_denorm_low                          0x0800178b   Thumb Code    70  btod.o(CL$$btod_d2e_denorm_low)
    _d2e_norm_op1                            0x080017d1   Thumb Code    96  btod.o(CL$$btod_d2e_norm_op1)
    __btod_div_common                        0x08001831   Thumb Code   696  btod.o(CL$$btod_div_common)
    _e2e                                     0x08001b69   Thumb Code   220  btod.o(CL$$btod_e2e)
    _btod_ediv                               0x08001c45   Thumb Code    42  btod.o(CL$$btod_ediv)
    _btod_emul                               0x08001c6f   Thumb Code    42  btod.o(CL$$btod_emul)
    __btod_mult_common                       0x08001c99   Thumb Code   580  btod.o(CL$$btod_mult_common)
    BusFault_Handler                         0x08001edd   Thumb Code     4  stm32f4xx_it.o(i.BusFault_Handler)
    DC1MotorTask                             0x08001ee1   Thumb Code    68  main.o(i.DC1MotorTask)
    DC2MotorTask                             0x08001f41   Thumb Code    68  main.o(i.DC2MotorTask)
    DHT11_Check                              0x08001fa1   Thumb Code    88  dht11.o(i.DHT11_Check)
    DHT11_Init                               0x08002001   Thumb Code    48  dht11.o(i.DHT11_Init)
    DHT11_Read_Bit                           0x08002035   Thumb Code    70  dht11.o(i.DHT11_Read_Bit)
    DHT11_Read_Byte                          0x08002081   Thumb Code    32  dht11.o(i.DHT11_Read_Byte)
    DHT11_Read_Data                          0x080020a1   Thumb Code    90  dht11.o(i.DHT11_Read_Data)
    DHT11_Rst                                0x080020fd   Thumb Code    52  dht11.o(i.DHT11_Rst)
    DcMotorInit                              0x0800213d   Thumb Code   226  motor.o(i.DcMotorInit)
    DebugMon_Handler                         0x08002225   Thumb Code     2  stm32f4xx_it.o(i.DebugMon_Handler)
    ESP8266_Con_Udp                          0x08002229   Thumb Code   308  esp8266.o(i.ESP8266_Con_Udp)
    ESP8266_Init                             0x08002445   Thumb Code    90  esp8266.o(i.ESP8266_Init)
    ESP8266_Power_Ctrl                       0x080024ad   Thumb Code    28  esp8266.o(i.ESP8266_Power_Ctrl)
    ESP8266_Power_Pin_Init                   0x080024cd   Thumb Code    54  esp8266.o(i.ESP8266_Power_Pin_Init)
    EXTI4_IRQHandler                         0x08002509   Thumb Code    32  key.o(i.EXTI4_IRQHandler)
    EXTI9_5_IRQHandler                       0x0800253d   Thumb Code    42  touch.o(i.EXTI9_5_IRQHandler)
    EXTI_ClearFlag                           0x0800256d   Thumb Code     6  stm32f4xx_exti.o(i.EXTI_ClearFlag)
    EXTI_GetFlagStatus                       0x08002579   Thumb Code    20  stm32f4xx_exti.o(i.EXTI_GetFlagStatus)
    EXTI_Init                                0x08002591   Thumb Code   142  stm32f4xx_exti.o(i.EXTI_Init)
    FSMC_NORSRAMCmd                          0x08002625   Thumb Code    46  stm32f4xx_fsmc.o(i.FSMC_NORSRAMCmd)
    FSMC_NORSRAMInit                         0x08002659   Thumb Code   230  stm32f4xx_fsmc.o(i.FSMC_NORSRAMInit)
    GPIO_Init                                0x0800273f   Thumb Code   144  stm32f4xx_gpio.o(i.GPIO_Init)
    GPIO_PinAFConfig                         0x080027cf   Thumb Code    70  stm32f4xx_gpio.o(i.GPIO_PinAFConfig)
    GPIO_ResetBits                           0x08002815   Thumb Code     4  stm32f4xx_gpio.o(i.GPIO_ResetBits)
    GPIO_SetBits                             0x08002819   Thumb Code     4  stm32f4xx_gpio.o(i.GPIO_SetBits)
    HTTP_PostPkt                             0x0800281d   Thumb Code   166  http_demo.o(i.HTTP_PostPkt)
    HardFault_Handler                        0x08002941   Thumb Code     4  stm32f4xx_it.o(i.HardFault_Handler)
    IWDG_Enable                              0x08002945   Thumb Code    10  stm32f4xx_iwdg.o(i.IWDG_Enable)
    IWDG_ReloadCounter                       0x08002955   Thumb Code    10  stm32f4xx_iwdg.o(i.IWDG_ReloadCounter)
    IWDG_SetPrescaler                        0x08002965   Thumb Code     6  stm32f4xx_iwdg.o(i.IWDG_SetPrescaler)
    IWDG_SetReload                           0x08002971   Thumb Code     6  stm32f4xx_iwdg.o(i.IWDG_SetReload)
    IWDG_WriteAccessCmd                      0x0800297d   Thumb Code     6  stm32f4xx_iwdg.o(i.IWDG_WriteAccessCmd)
    InfradedInit                             0x08002989   Thumb Code    74  infraded.o(i.InfradedInit)
    IwdgFeed                                 0x080029dd   Thumb Code     8  iwdg.o(i.IwdgFeed)
    IwdgInit                                 0x080029e5   Thumb Code    36  iwdg.o(i.IwdgInit)
    IwdgTmrCallBack                          0x08002a09   Thumb Code    76  main.o(i.IwdgTmrCallBack)
    KeyInit                                  0x08002a5d   Thumb Code   124  key.o(i.KeyInit)
    LCD_Clear                                0x08002add   Thumb Code   100  lcd.o(i.LCD_Clear)
    LCD_Display_Dir                          0x08002b49   Thumb Code   364  lcd.o(i.LCD_Display_Dir)
    LCD_DrawLine                             0x08002cb9   Thumb Code   176  lcd.o(i.LCD_DrawLine)
    LCD_DrawPoint                            0x08002d69   Thumb Code    28  lcd.o(i.LCD_DrawPoint)
    LCD_DrawRectangle                        0x08002d8d   Thumb Code    60  lcd.o(i.LCD_DrawRectangle)
    LCD_Draw_Circle                          0x08002dc9   Thumb Code   152  lcd.o(i.LCD_Draw_Circle)
    LCD_Fast_DrawPoint                       0x08002e61   Thumb Code   276  lcd.o(i.LCD_Fast_DrawPoint)
    LCD_Init                                 0x08002f7d   Thumb Code 14486  lcd.o(i.LCD_Init)
    LCD_Pow                                  0x0800681d   Thumb Code    22  lcd.o(i.LCD_Pow)
    LCD_RD_DATA                              0x08006835   Thumb Code    14  lcd.o(i.LCD_RD_DATA)
    LCD_ReadReg                              0x08006849   Thumb Code    22  lcd.o(i.LCD_ReadReg)
    LCD_Scan_Dir                             0x08006861   Thumb Code   726  lcd.o(i.LCD_Scan_Dir)
    LCD_SetCursor                            0x08006b3d   Thumb Code   262  lcd.o(i.LCD_SetCursor)
    LCD_ShowChar                             0x08006c49   Thumb Code   272  lcd.o(i.LCD_ShowChar)
    LCD_ShowNum                              0x08006d71   Thumb Code   148  lcd.o(i.LCD_ShowNum)
    LCD_ShowString                           0x08006e05   Thumb Code   102  lcd.o(i.LCD_ShowString)
    LCD_WR_DATA                              0x08006e6d   Thumb Code    18  lcd.o(i.LCD_WR_DATA)
    LCD_WR_REG                               0x08006e85   Thumb Code    18  lcd.o(i.LCD_WR_REG)
    LCD_WriteRAM_Prepare                     0x08006e9d   Thumb Code    10  lcd.o(i.LCD_WriteRAM_Prepare)
    LCD_WriteReg                             0x08006eb1   Thumb Code    20  lcd.o(i.LCD_WriteReg)
    LcdShowTask                              0x08006ec9   Thumb Code   462  main.o(i.LcdShowTask)
    Led2Switch                               0x08007165   Thumb Code    22  led.o(i.Led2Switch)
    Led3Switch                               0x08007181   Thumb Code    22  led.o(i.Led3Switch)
    LedInit                                  0x0800719d   Thumb Code    56  led.o(i.LedInit)
    Load_Drow_Dialog                         0x080071d9   Thumb Code    52  touch.o(i.Load_Drow_Dialog)
    MemManage_Handler                        0x08007219   Thumb Code     4  stm32f4xx_it.o(i.MemManage_Handler)
    Motor1SpeedOut                           0x0800721d   Thumb Code    16  motor.o(i.Motor1SpeedOut)
    Motor2SpeedOut                           0x0800722d   Thumb Code    16  motor.o(i.Motor2SpeedOut)
    NMI_Handler                              0x0800723d   Thumb Code     2  stm32f4xx_it.o(i.NMI_Handler)
    NVIC_Init                                0x08007241   Thumb Code   106  misc.o(i.NVIC_Init)
    NVIC_PriorityGroupConfig                 0x080072b9   Thumb Code    10  misc.o(i.NVIC_PriorityGroupConfig)
    OSFlagCreate                             0x080072cd   Thumb Code    86  os_flag.o(i.OSFlagCreate)
    OSFlagPend                               0x08007331   Thumb Code   594  os_flag.o(i.OSFlagPend)
    OSFlagPost                               0x08007591   Thumb Code   322  os_flag.o(i.OSFlagPost)
    OSInit                                   0x080076d3   Thumb Code    48  os_core.o(i.OSInit)
    OSInitHookBegin                          0x08007705   Thumb Code     8  os_cpu_c.o(i.OSInitHookBegin)
    OSInitHookEnd                            0x08007711   Thumb Code     2  os_cpu_c.o(i.OSInitHookEnd)
    OSIntEnter                               0x08007715   Thumb Code    28  os_core.o(i.OSIntEnter)
    OSIntExit                                0x08007739   Thumb Code   112  os_core.o(i.OSIntExit)
    OSSchedLock                              0x080077c9   Thumb Code    50  os_core.o(i.OSSchedLock)
    OSSchedUnlock                            0x08007809   Thumb Code    82  os_core.o(i.OSSchedUnlock)
    OSSemCreate                              0x08007869   Thumb Code    68  os_sem.o(i.OSSemCreate)
    OSSemPend                                0x080078b5   Thumb Code   230  os_sem.o(i.OSSemPend)
    OSSemPost                                0x080079a9   Thumb Code    94  os_sem.o(i.OSSemPost)
    OSSemSet                                 0x08007a07   Thumb Code    74  os_sem.o(i.OSSemSet)
    OSStart                                  0x08007a51   Thumb Code    48  os_core.o(i.OSStart)
    OSStatInit                               0x08007a99   Thumb Code    62  os_core.o(i.OSStatInit)
    OSTCBInitHook                            0x08007ae5   Thumb Code     2  os_cpu_c.o(i.OSTCBInitHook)
    OSTaskCreate                             0x08007ae9   Thumb Code   156  os_task.o(i.OSTaskCreate)
    OSTaskCreateExt                          0x08007b91   Thumb Code   178  os_task.o(i.OSTaskCreateExt)
    OSTaskCreateHook                         0x08007c51   Thumb Code     2  os_cpu_c.o(i.OSTaskCreateHook)
    OSTaskDel                                0x08007c55   Thumb Code   306  os_task.o(i.OSTaskDel)
    OSTaskDelHook                            0x08007db5   Thumb Code     2  os_cpu_c.o(i.OSTaskDelHook)
    OSTaskIdleHook                           0x08007db7   Thumb Code     2  os_cpu_c.o(i.OSTaskIdleHook)
    OSTaskNameSet                            0x08007db9   Thumb Code   120  os_task.o(i.OSTaskNameSet)
    OSTaskReturnHook                         0x08007e3d   Thumb Code     2  os_cpu_c.o(i.OSTaskReturnHook)
    OSTaskStatHook                           0x08007e3f   Thumb Code     2  os_cpu_c.o(i.OSTaskStatHook)
    OSTaskStkChk                             0x08007e41   Thumb Code   150  os_task.o(i.OSTaskStkChk)
    OSTaskStkInit                            0x08007ee1   Thumb Code   426  os_cpu_c.o(i.OSTaskStkInit)
    OSTaskSuspend                            0x08008091   Thumb Code   172  os_task.o(i.OSTaskSuspend)
    OSTaskSwHook                             0x0800814d   Thumb Code     2  os_cpu_c.o(i.OSTaskSwHook)
    OSTimeDly                                0x08008151   Thumb Code   100  os_time.o(i.OSTimeDly)
    OSTimeTick                               0x080081c9   Thumb Code   210  os_core.o(i.OSTimeTick)
    OSTimeTickHook                           0x080082b5   Thumb Code    30  os_cpu_c.o(i.OSTimeTickHook)
    OSTmrCreate                              0x080082d9   Thumb Code   142  os_tmr.o(i.OSTmrCreate)
    OSTmrSignal                              0x0800836d   Thumb Code    16  os_tmr.o(i.OSTmrSignal)
    OSTmrStart                               0x08008381   Thumb Code   138  os_tmr.o(i.OSTmrStart)
    OSTmr_Init                               0x08008451   Thumb Code   148  os_tmr.o(i.OSTmr_Init)
    OS_Dummy                                 0x08008689   Thumb Code     2  os_core.o(i.OS_Dummy)
    OS_EventTaskRdy                          0x0800868d   Thumb Code   114  os_core.o(i.OS_EventTaskRdy)
    OS_EventTaskRemove                       0x08008711   Thumb Code    42  os_core.o(i.OS_EventTaskRemove)
    OS_EventTaskWait                         0x0800873d   Thumb Code   112  os_core.o(i.OS_EventTaskWait)
    OS_EventWaitListInit                     0x080087b9   Thumb Code    28  os_core.o(i.OS_EventWaitListInit)
    OS_FlagInit                              0x08008879   Thumb Code    74  os_flag.o(i.OS_FlagInit)
    OS_FlagUnlink                            0x0800892d   Thumb Code    36  os_flag.o(i.OS_FlagUnlink)
    OS_MemClr                                0x08008b5d   Thumb Code    18  os_core.o(i.OS_MemClr)
    OS_QInit                                 0x08008b71   Thumb Code    72  os_q.o(i.OS_QInit)
    OS_Sched                                 0x08008bc1   Thumb Code    88  os_core.o(i.OS_Sched)
    OS_TCBInit                               0x08008c61   Thumb Code   278  os_core.o(i.OS_TCBInit)
    OS_TaskIdle                              0x08008d95   Thumb Code    34  os_core.o(i.OS_TaskIdle)
    OS_TaskReturn                            0x08008dbd   Thumb Code    18  os_task.o(i.OS_TaskReturn)
    OS_TaskStat                              0x08008dd5   Thumb Code   116  os_core.o(i.OS_TaskStat)
    OS_TaskStatStkChk                        0x08008e5d   Thumb Code    54  os_core.o(i.OS_TaskStatStkChk)
    OS_TaskStkClr                            0x08008e99   Thumb Code    26  os_task.o(i.OS_TaskStkClr)
    PaperNumGetData                          0x08008eb5   Thumb Code    52  savedata.o(i.PaperNumGetData)
    PaperNumSaveData                         0x08008ef1   Thumb Code    48  savedata.o(i.PaperNumSaveData)
    RCC_AHB1PeriphClockCmd                   0x08008f29   Thumb Code    26  stm32f4xx_rcc.o(i.RCC_AHB1PeriphClockCmd)
    RCC_AHB3PeriphClockCmd                   0x08008f49   Thumb Code    26  stm32f4xx_rcc.o(i.RCC_AHB3PeriphClockCmd)
    RCC_APB1PeriphClockCmd                   0x08008f69   Thumb Code    26  stm32f4xx_rcc.o(i.RCC_APB1PeriphClockCmd)
    RCC_APB2PeriphClockCmd                   0x08008f89   Thumb Code    26  stm32f4xx_rcc.o(i.RCC_APB2PeriphClockCmd)
    RCC_GetClocksFreq                        0x08008fa9   Thumb Code   214  stm32f4xx_rcc.o(i.RCC_GetClocksFreq)
    SPI1_Init                                0x08009091   Thumb Code   160  spi.o(i.SPI1_Init)
    SPI1_ReadWriteByte                       0x08009139   Thumb Code    50  spi.o(i.SPI1_ReadWriteByte)
    SPI1_SetSpeed                            0x08009171   Thumb Code    36  spi.o(i.SPI1_SetSpeed)
    SPI_Cmd                                  0x08009199   Thumb Code    24  stm32f4xx_spi.o(i.SPI_Cmd)
    SPI_I2S_GetFlagStatus                    0x080091b1   Thumb Code    18  stm32f4xx_spi.o(i.SPI_I2S_GetFlagStatus)
    SPI_I2S_ReceiveData                      0x080091c3   Thumb Code     6  stm32f4xx_spi.o(i.SPI_I2S_ReceiveData)
    SPI_I2S_SendData                         0x080091c9   Thumb Code     4  stm32f4xx_spi.o(i.SPI_I2S_SendData)
    SPI_Init                                 0x080091cd   Thumb Code    60  stm32f4xx_spi.o(i.SPI_Init)
    SVC_Handler                              0x08009209   Thumb Code     2  stm32f4xx_it.o(i.SVC_Handler)
    SYSCFG_EXTILineConfig                    0x0800920d   Thumb Code    60  stm32f4xx_syscfg.o(i.SYSCFG_EXTILineConfig)
    SendCmd                                  0x0800924d   Thumb Code   148  esp8266.o(i.SendCmd)
    StartTask                                0x080093e1   Thumb Code   262  main.o(i.StartTask)
    SysTick_CLKSourceConfig                  0x08009575   Thumb Code    40  misc.o(i.SysTick_CLKSourceConfig)
    SysTick_Handler                          0x0800959d   Thumb Code    24  delay.o(i.SysTick_Handler)
    SystemInit                               0x080095b9   Thumb Code    88  system_stm32f4xx.o(i.SystemInit)
    TIM_ARRPreloadConfig                     0x08009621   Thumb Code    24  stm32f4xx_tim.o(i.TIM_ARRPreloadConfig)
    TIM_Cmd                                  0x08009639   Thumb Code    24  stm32f4xx_tim.o(i.TIM_Cmd)
    TIM_OC1Init                              0x08009651   Thumb Code   114  stm32f4xx_tim.o(i.TIM_OC1Init)
    TIM_OC1PreloadConfig                     0x080096cd   Thumb Code    18  stm32f4xx_tim.o(i.TIM_OC1PreloadConfig)
    TIM_OC2Init                              0x080096e1   Thumb Code   154  stm32f4xx_tim.o(i.TIM_OC2Init)
    TIM_OC2PreloadConfig                     0x08009785   Thumb Code    26  stm32f4xx_tim.o(i.TIM_OC2PreloadConfig)
    TIM_OC3Init                              0x080097a1   Thumb Code   150  stm32f4xx_tim.o(i.TIM_OC3Init)
    TIM_OC3PreloadConfig                     0x08009841   Thumb Code    18  stm32f4xx_tim.o(i.TIM_OC3PreloadConfig)
    TIM_OC4Init                              0x08009855   Thumb Code   112  stm32f4xx_tim.o(i.TIM_OC4Init)
    TIM_OC4PreloadConfig                     0x080098cd   Thumb Code    26  stm32f4xx_tim.o(i.TIM_OC4PreloadConfig)
    TIM_SetCompare1                          0x080098e7   Thumb Code     4  stm32f4xx_tim.o(i.TIM_SetCompare1)
    TIM_SetCompare2                          0x080098eb   Thumb Code     4  stm32f4xx_tim.o(i.TIM_SetCompare2)
    TIM_TimeBaseInit                         0x080098f1   Thumb Code   104  stm32f4xx_tim.o(i.TIM_TimeBaseInit)
    TP_Adj_Info_Show                         0x08009975   Thumb Code   374  touch.o(i.TP_Adj_Info_Show)
    TP_Adjust                                0x08009b1d   Thumb Code  2280  touch.o(i.TP_Adjust)
    TP_Draw_Big_Point                        0x0800a405   Thumb Code    54  touch.o(i.TP_Draw_Big_Point)
    TP_Drow_Touch_Point                      0x0800a441   Thumb Code   108  touch.o(i.TP_Drow_Touch_Point)
    TP_Get_Adjdata                           0x0800a4b1   Thumb Code   276  touch.o(i.TP_Get_Adjdata)
    TP_Init                                  0x0800a5d9   Thumb Code   230  touch.o(i.TP_Init)
    TP_Read_AD                               0x0800a6cd   Thumb Code   136  touch.o(i.TP_Read_AD)
    TP_Read_XOY                              0x0800a75d   Thumb Code   118  touch.o(i.TP_Read_XOY)
    TP_Read_XY                               0x0800a7d5   Thumb Code    38  touch.o(i.TP_Read_XY)
    TP_Read_XY2                              0x0800a805   Thumb Code   192  touch.o(i.TP_Read_XY2)
    TP_Save_Adjdata                          0x0800a8c5   Thumb Code   220  touch.o(i.TP_Save_Adjdata)
    TP_Scan                                  0x0800a9ad   Thumb Code   218  touch.o(i.TP_Scan)
    TP_Task                                  0x0800aa91   Thumb Code   268  main.o(i.TP_Task)
    TP_Write_Byte                            0x0800abd1   Thumb Code    66  touch.o(i.TP_Write_Byte)
    TravelMotorCtrl                          0x0800ac1d   Thumb Code    62  motor.o(i.TravelMotorCtrl)
    TravelMotorInit                          0x0800ac65   Thumb Code    48  motor.o(i.TravelMotorInit)
    TravelMotorTask                          0x0800ac99   Thumb Code   134  main.o(i.TravelMotorTask)
    UART1_Init                               0x0800ad3d   Thumb Code   168  uart.o(i.UART1_Init)
    UART3_Init                               0x0800aded   Thumb Code   198  esp8266_uart.o(i.UART3_Init)
    UART4_Init                               0x0800aebd   Thumb Code   128  xfs5152ce.o(i.UART4_Init)
    UART4_Send_Data                          0x0800af45   Thumb Code    58  xfs5152ce.o(i.UART4_Send_Data)
    USART1_IRQHandler                        0x0800af85   Thumb Code   134  uart.o(i.USART1_IRQHandler)
    USART3_IRQHandler                        0x0800b019   Thumb Code   162  esp8266_uart.o(i.USART3_IRQHandler)
    USART3_Send_Data                         0x0800b0d1   Thumb Code    58  esp8266_uart.o(i.USART3_Send_Data)
    USART3_printf                            0x0800b111   Thumb Code    68  esp8266_uart.o(i.USART3_printf)
    USART_ClearITPendingBit                  0x0800b155   Thumb Code    30  stm32f4xx_usart.o(i.USART_ClearITPendingBit)
    USART_Cmd                                0x0800b173   Thumb Code    24  stm32f4xx_usart.o(i.USART_Cmd)
    USART_GetFlagStatus                      0x0800b18b   Thumb Code    26  stm32f4xx_usart.o(i.USART_GetFlagStatus)
    USART_GetITStatus                        0x0800b1a5   Thumb Code    84  stm32f4xx_usart.o(i.USART_GetITStatus)
    USART_ITConfig                           0x0800b1f9   Thumb Code    74  stm32f4xx_usart.o(i.USART_ITConfig)
    USART_Init                               0x0800b245   Thumb Code   204  stm32f4xx_usart.o(i.USART_Init)
    USART_ReceiveData                        0x0800b319   Thumb Code    10  stm32f4xx_usart.o(i.USART_ReceiveData)
    USART_SendData                           0x0800b323   Thumb Code     8  stm32f4xx_usart.o(i.USART_SendData)
    UartTask                                 0x0800b32b   Thumb Code    14  main.o(i.UartTask)
    UsageFault_Handler                       0x0800b339   Thumb Code     4  stm32f4xx_it.o(i.UsageFault_Handler)
    W25QXX_Erase_Sector                      0x0800b33d   Thumb Code    70  w25qxx.o(i.W25QXX_Erase_Sector)
    W25QXX_Init                              0x0800b395   Thumb Code    70  w25qxx.o(i.W25QXX_Init)
    W25QXX_Read                              0x0800b3e9   Thumb Code    74  w25qxx.o(i.W25QXX_Read)
    W25QXX_ReadID                            0x0800b439   Thumb Code    64  w25qxx.o(i.W25QXX_ReadID)
    W25QXX_ReadSR                            0x0800b481   Thumb Code    36  w25qxx.o(i.W25QXX_ReadSR)
    W25QXX_Wait_Busy                         0x0800b4ad   Thumb Code    18  w25qxx.o(i.W25QXX_Wait_Busy)
    W25QXX_Write                             0x0800b4c1   Thumb Code   180  w25qxx.o(i.W25QXX_Write)
    W25QXX_Write_Enable                      0x0800b579   Thumb Code    24  w25qxx.o(i.W25QXX_Write_Enable)
    W25QXX_Write_NoCheck                     0x0800b599   Thumb Code    70  w25qxx.o(i.W25QXX_Write_NoCheck)
    W25QXX_Write_Page                        0x0800b5e1   Thumb Code    80  w25qxx.o(i.W25QXX_Write_Page)
    WifiRevTask                              0x0800b635   Thumb Code    14  main.o(i.WifiRevTask)
    WifiTrmTask                              0x0800b645   Thumb Code   360  main.o(i.WifiTrmTask)
    XFS_SendPkt                              0x0800b84d   Thumb Code    82  xfs5152ce.o(i.XFS_SendPkt)
    __ARM_fpclassify                         0x0800b89f   Thumb Code    48  fpclassify.o(i.__ARM_fpclassify)
    __hardfp_sqrt                            0x0800b8cf   Thumb Code   122  sqrt.o(i.__hardfp_sqrt)
    _is_digit                                0x0800b949   Thumb Code    14  __printf_wp.o(i._is_digit)
    _sys_exit                                0x0800b957   Thumb Code     4  uart.o(i._sys_exit)
    delay_init                               0x0800b95d   Thumb Code    76  delay.o(i.delay_init)
    delay_ms                                 0x0800b9b1   Thumb Code    66  delay.o(i.delay_ms)
    delay_osschedlock                        0x0800ba01   Thumb Code     8  delay.o(i.delay_osschedlock)
    delay_osschedunlock                      0x0800ba09   Thumb Code     8  delay.o(i.delay_osschedunlock)
    delay_ostimedly                          0x0800ba11   Thumb Code    12  delay.o(i.delay_ostimedly)
    delay_us                                 0x0800ba1d   Thumb Code    84  delay.o(i.delay_us)
    fputc                                    0x0800ba75   Thumb Code    22  uart.o(i.fputc)
    main                                     0x0800ba91   Thumb Code    86  main.o(i.main)
    _get_lc_numeric                          0x0800bb21   Thumb Code    44  lc_numeric_c.o(locale$$code)
    _get_lc_ctype                            0x0800bb4d   Thumb Code    44  lc_ctype_c.o(locale$$code)
    __fpl_dcmp_Inf                           0x0800bb79   Thumb Code    24  dcmpi.o(x$fpl$dcmpinf)
    __aeabi_d2uiz                            0x0800bb91   Thumb Code     0  dfixu.o(x$fpl$dfixu)
    _dfixu                                   0x0800bb91   Thumb Code    90  dfixu.o(x$fpl$dfixu)
    __aeabi_ui2d                             0x0800bbeb   Thumb Code     0  dflt_clz.o(x$fpl$dfltu)
    _dfltu                                   0x0800bbeb   Thumb Code    38  dflt_clz.o(x$fpl$dfltu)
    __aeabi_cdcmple                          0x0800bc11   Thumb Code     0  dleqf.o(x$fpl$dleqf)
    _dcmple                                  0x0800bc11   Thumb Code   120  dleqf.o(x$fpl$dleqf)
    __fpl_dcmple_InfNaN                      0x0800bc73   Thumb Code     0  dleqf.o(x$fpl$dleqf)
    __aeabi_dmul                             0x0800bc89   Thumb Code     0  dmul.o(x$fpl$dmul)
    _dmul                                    0x0800bc89   Thumb Code   332  dmul.o(x$fpl$dmul)
    __fpl_dnaninf                            0x0800bddd   Thumb Code   156  dnaninf.o(x$fpl$dnaninf)
    __fpl_dretinf                            0x0800be79   Thumb Code    12  dretinf.o(x$fpl$dretinf)
    __aeabi_cdrcmple                         0x0800be85   Thumb Code     0  drleqf.o(x$fpl$drleqf)
    _drcmple                                 0x0800be85   Thumb Code   108  drleqf.o(x$fpl$drleqf)
    _dsqrt                                   0x0800bef1   Thumb Code   404  dsqrt_umaal.o(x$fpl$dsqrt)
    __aeabi_f2d                              0x0800c089   Thumb Code     0  f2d.o(x$fpl$f2d)
    _f2d                                     0x0800c089   Thumb Code    86  f2d.o(x$fpl$f2d)
    __fpl_fnaninf                            0x0800c0df   Thumb Code   140  fnaninf.o(x$fpl$fnaninf)
    _fp_init                                 0x0800c16b   Thumb Code    10  fpinit.o(x$fpl$fpinit)
    __fplib_config_fpu_vfp                   0x0800c173   Thumb Code     0  fpinit.o(x$fpl$fpinit)
    __fplib_config_pureend_doubles           0x0800c173   Thumb Code     0  fpinit.o(x$fpl$fpinit)
    _printf_fp_dec                           0x0800c175   Thumb Code     4  printf1.o(x$fpl$printf1)
    _printf_fp_hex                           0x0800c179   Thumb Code     4  printf2.o(x$fpl$printf2)
    __I$use$fp                               0x0800c17c   Number         0  usenofp.o(x$fpl$usenofp)
    asc2_1206                                0x0800c17c   Data        1140  lcd.o(.constdata)
    asc2_1608                                0x0800c5f0   Data        1520  lcd.o(.constdata)
    asc2_2412                                0x0800cbe0   Data        3420  lcd.o(.constdata)
    TP_REMIND_MSG_TBL                        0x0800d93c   Data           4  touch.o(.constdata)
    OSUnMapTbl                               0x0800d940   Data         256  os_core.o(.constdata)
    Region$$Table$$Base                      0x0800dbbc   Number         0  anon$$obj.o(Region$$Table)
    Region$$Table$$Limit                     0x0800dbdc   Number         0  anon$$obj.o(Region$$Table)
    __ctype                                  0x0800dc05   Data           0  lc_ctype_c.o(locale$$data)
    semWifi                                  0x20000000   Data           4  main.o(.data)
    semWifiData                              0x20000004   Data           4  main.o(.data)
    semPaperPut                              0x20000008   Data           4  main.o(.data)
    semFloorFir                              0x2000000c   Data           4  main.o(.data)
    semFloorSec                              0x20000010   Data           4  main.o(.data)
    flagTP                                   0x20000014   Data           4  main.o(.data)
    wifiConnectState                         0x20000018   Data           1  main.o(.data)
    TCP_ConnectState                         0x20000019   Data           1  main.o(.data)
    regProcess                               0x2000001a   Data           1  main.o(.data)
    putPaperState                            0x2000001b   Data           1  main.o(.data)
    firstLevelNum                            0x2000001c   Data           2  main.o(.data)
    secondLevelNum                           0x2000001e   Data           2  main.o(.data)
    temperature                              0x20000020   Data           1  main.o(.data)
    humidity                                 0x20000021   Data           1  main.o(.data)
    timeNum                                  0x20000022   Data           1  main.o(.data)
    pTmrIwdg                                 0x20000024   Data           4  main.o(.data)
    err                                      0x20000028   Data           1  main.o(.data)
    POINT_COLOR                              0x2000002a   Data           2  lcd.o(.data)
    BACK_COLOR                               0x2000002c   Data           2  lcd.o(.data)
    startFlag                                0x2000002e   Data           1  esp8266.o(.data)
    W25QXX_TYPE                              0x20000030   Data           2  w25qxx.o(.data)
    tp_dev                                   0x20000034   Data          56  touch.o(.data)
    CMD_RDX                                  0x2000006c   Data           1  touch.o(.data)
    CMD_RDY                                  0x2000006d   Data           1  touch.o(.data)
    __stdout                                 0x20000070   Data           4  uart.o(.data)
    USART_RX_STA                             0x20000074   Data           2  uart.o(.data)
    OSCtxSwCtr                               0x2000008c   Data           4  os_core.o(.data)
    OSEventFreeList                          0x20000090   Data           4  os_core.o(.data)
    OSFlagFreeList                           0x20000094   Data           4  os_core.o(.data)
    OSCPUUsage                               0x20000098   Data           1  os_core.o(.data)
    OSIdleCtrMax                             0x2000009c   Data           4  os_core.o(.data)
    OSIdleCtrRun                             0x200000a0   Data           4  os_core.o(.data)
    OSStatRdy                                0x200000a4   Data           1  os_core.o(.data)
    OSIntNesting                             0x200000a5   Data           1  os_core.o(.data)
    OSLockNesting                            0x200000a6   Data           1  os_core.o(.data)
    OSPrioCur                                0x200000a7   Data           1  os_core.o(.data)
    OSPrioHighRdy                            0x200000a8   Data           1  os_core.o(.data)
    OSRdyGrp                                 0x200000a9   Data           1  os_core.o(.data)
    OSRdyTbl                                 0x200000aa   Data           8  os_core.o(.data)
    OSRunning                                0x200000b2   Data           1  os_core.o(.data)
    OSTaskCtr                                0x200000b3   Data           1  os_core.o(.data)
    OSIdleCtr                                0x200000b4   Data           4  os_core.o(.data)
    OSTCBCur                                 0x200000b8   Data           4  os_core.o(.data)
    OSTCBFreeList                            0x200000bc   Data           4  os_core.o(.data)
    OSTCBHighRdy                             0x200000c0   Data           4  os_core.o(.data)
    OSTCBList                                0x200000c4   Data           4  os_core.o(.data)
    OSTickStepState                          0x200000c8   Data           1  os_core.o(.data)
    OSQFreeList                              0x200000cc   Data           4  os_core.o(.data)
    OSTime                                   0x200000d0   Data           4  os_core.o(.data)
    OSTmrFree                                0x200000d4   Data           2  os_core.o(.data)
    OSTmrUsed                                0x200000d6   Data           2  os_core.o(.data)
    OSTmrTime                                0x200000d8   Data           4  os_core.o(.data)
    OSTmrSem                                 0x200000dc   Data           4  os_core.o(.data)
    OSTmrSemSignal                           0x200000e0   Data           4  os_core.o(.data)
    OSTmrFreeList                            0x200000e4   Data           4  os_core.o(.data)
    OSInterrputSum                           0x200000e8   Data           4  os_cpu_c.o(.data)
    wifiRevTaskStk                           0x200000f0   Data         512  main.o(.bss)
    wifiTrmTaskStk                           0x200002f0   Data        1024  main.o(.bss)
    uartTaskStk                              0x200006f0   Data         512  main.o(.bss)
    DC1_MotorTaskStk                         0x200008f0   Data         512  main.o(.bss)
    DC2_MotorTaskStk                         0x20000af0   Data         512  main.o(.bss)
    travelMotorTaskStk                       0x20000cf0   Data         512  main.o(.bss)
    lcdShowTaskStk                           0x20000ef0   Data         512  main.o(.bss)
    tpTaskStk                                0x200010f0   Data         512  main.o(.bss)
    startTaskSTK                             0x200012f0   Data         512  main.o(.bss)
    lcddev                                   0x200014f0   Data          14  lcd.o(.bss)
    Wifi_Data_Buf                            0x200014fe   Data         604  esp8266.o(.bss)
    W25QXX_BUFFER                            0x2000175a   Data        4096  w25qxx.o(.bss)
    UART_RX_BUF                              0x2000275a   Data         200  uart.o(.bss)
    OSEventTbl                               0x20002824   Data         400  os_core.o(.bss)
    OSFlagTbl                                0x200029b4   Data          80  os_core.o(.bss)
    OSTaskStatStk                            0x20002a04   Data         512  os_core.o(.bss)
    OSTaskIdleStk                            0x20002c04   Data         512  os_core.o(.bss)
    OSTCBPrioTbl                             0x20002e04   Data         256  os_core.o(.bss)
    OSTCBTbl                                 0x20002f04   Data        1848  os_core.o(.bss)
    OSQTbl                                   0x2000363c   Data         120  os_core.o(.bss)
    OSTmrTbl                                 0x200036b4   Data         320  os_core.o(.bss)
    OSTmrTaskStk                             0x200037f4   Data         512  os_core.o(.bss)
    OSTmrWheelTbl                            0x200039f4   Data          64  os_core.o(.bss)
    __libspace_start                         0x20003a34   Data          96  libspace.o(.bss)
    __temporary_stack_top$libspace           0x20003a94   Data           0  libspace.o(.bss)



==============================================================================

Memory Map of the image

  Image Entry point : 0x08000189

  Load Region LR_IROM1 (Base: 0x08000000, Size: 0x0000ddf8, Max: 0x00080000, ABSOLUTE)

    Execution Region ER_IROM1 (Exec base: 0x08000000, Load base: 0x08000000, Size: 0x0000dd08, Max: 0x00080000, ABSOLUTE)

    Exec Addr    Load Addr    Size         Type   Attr      Idx    E Section Name        Object

    0x08000000   0x08000000   0x00000188   Data   RO         2953    RESET               startup_stm32f40_41xxx.o
    0x08000188   0x08000188   0x00000008   Code   RO         3995  * !!!main             c_w.l(__main.o)
    0x08000190   0x08000190   0x00000034   Code   RO         4318    !!!scatter          c_w.l(__scatter.o)
    0x080001c4   0x080001c4   0x0000001a   Code   RO         4320    !!handler_copy      c_w.l(__scatter_copy.o)
    0x080001de   0x080001de   0x00000002   PAD
    0x080001e0   0x080001e0   0x0000001c   Code   RO         4322    !!handler_zi        c_w.l(__scatter_zi.o)
    0x080001fc   0x080001fc   0x00000000   Code   RO         3980    .ARM.Collect$$_printf_percent$$00000000  c_w.l(_printf_percent.o)
    0x080001fc   0x080001fc   0x00000006   Code   RO         4060    .ARM.Collect$$_printf_percent$$00000001  c_w.l(_printf_n.o)
    0x08000202   0x08000202   0x00000006   Code   RO         4061    .ARM.Collect$$_printf_percent$$00000002  c_w.l(_printf_p.o)
    0x08000208   0x08000208   0x00000006   Code   RO         4065    .ARM.Collect$$_printf_percent$$00000003  c_w.l(_printf_f.o)
    0x0800020e   0x0800020e   0x00000006   Code   RO         4066    .ARM.Collect$$_printf_percent$$00000004  c_w.l(_printf_e.o)
    0x08000214   0x08000214   0x00000006   Code   RO         4067    .ARM.Collect$$_printf_percent$$00000005  c_w.l(_printf_g.o)
    0x0800021a   0x0800021a   0x00000006   Code   RO         4068    .ARM.Collect$$_printf_percent$$00000006  c_w.l(_printf_a.o)
    0x08000220   0x08000220   0x0000000a   Code   RO         4073    .ARM.Collect$$_printf_percent$$00000007  c_w.l(_printf_ll.o)
    0x0800022a   0x0800022a   0x00000006   Code   RO         4063    .ARM.Collect$$_printf_percent$$00000008  c_w.l(_printf_i.o)
    0x08000230   0x08000230   0x00000006   Code   RO         3979    .ARM.Collect$$_printf_percent$$00000009  c_w.l(_printf_d.o)
    0x08000236   0x08000236   0x00000006   Code   RO         4064    .ARM.Collect$$_printf_percent$$0000000A  c_w.l(_printf_u.o)
    0x0800023c   0x0800023c   0x00000006   Code   RO         4062    .ARM.Collect$$_printf_percent$$0000000B  c_w.l(_printf_o.o)
    0x08000242   0x08000242   0x00000006   Code   RO         3978    .ARM.Collect$$_printf_percent$$0000000C  c_w.l(_printf_x.o)
    0x08000248   0x08000248   0x00000006   Code   RO         4070    .ARM.Collect$$_printf_percent$$0000000D  c_w.l(_printf_lli.o)
    0x0800024e   0x0800024e   0x00000006   Code   RO         4071    .ARM.Collect$$_printf_percent$$0000000E  c_w.l(_printf_lld.o)
    0x08000254   0x08000254   0x00000006   Code   RO         4072    .ARM.Collect$$_printf_percent$$0000000F  c_w.l(_printf_llu.o)
    0x0800025a   0x0800025a   0x00000006   Code   RO         4077    .ARM.Collect$$_printf_percent$$00000010  c_w.l(_printf_llo.o)
    0x08000260   0x08000260   0x00000006   Code   RO         4078    .ARM.Collect$$_printf_percent$$00000011  c_w.l(_printf_llx.o)
    0x08000266   0x08000266   0x0000000a   Code   RO         4074    .ARM.Collect$$_printf_percent$$00000012  c_w.l(_printf_l.o)
    0x08000270   0x08000270   0x00000006   Code   RO         4059    .ARM.Collect$$_printf_percent$$00000013  c_w.l(_printf_c.o)
    0x08000276   0x08000276   0x00000006   Code   RO         3977    .ARM.Collect$$_printf_percent$$00000014  c_w.l(_printf_s.o)
    0x0800027c   0x0800027c   0x00000006   Code   RO         4075    .ARM.Collect$$_printf_percent$$00000015  c_w.l(_printf_lc.o)
    0x08000282   0x08000282   0x00000006   Code   RO         4076    .ARM.Collect$$_printf_percent$$00000016  c_w.l(_printf_ls.o)
    0x08000288   0x08000288   0x00000004   Code   RO         4069    .ARM.Collect$$_printf_percent$$00000017  c_w.l(_printf_percent_end.o)
    0x0800028c   0x0800028c   0x00000002   Code   RO         4186    .ARM.Collect$$libinit$$00000000  c_w.l(libinit.o)
    0x0800028e   0x0800028e   0x00000004   Code   RO         4198    .ARM.Collect$$libinit$$00000001  c_w.l(libinit2.o)
    0x08000292   0x08000292   0x00000000   Code   RO         4201    .ARM.Collect$$libinit$$00000004  c_w.l(libinit2.o)
    0x08000292   0x08000292   0x00000000   Code   RO         4204    .ARM.Collect$$libinit$$0000000A  c_w.l(libinit2.o)
    0x08000292   0x08000292   0x00000000   Code   RO         4206    .ARM.Collect$$libinit$$0000000C  c_w.l(libinit2.o)
    0x08000292   0x08000292   0x00000000   Code   RO         4208    .ARM.Collect$$libinit$$0000000E  c_w.l(libinit2.o)
    0x08000292   0x08000292   0x00000006   Code   RO         4209    .ARM.Collect$$libinit$$0000000F  c_w.l(libinit2.o)
    0x08000298   0x08000298   0x00000000   Code   RO         4211    .ARM.Collect$$libinit$$00000011  c_w.l(libinit2.o)
    0x08000298   0x08000298   0x0000000c   Code   RO         4212    .ARM.Collect$$libinit$$00000012  c_w.l(libinit2.o)
    0x080002a4   0x080002a4   0x00000000   Code   RO         4213    .ARM.Collect$$libinit$$00000013  c_w.l(libinit2.o)
    0x080002a4   0x080002a4   0x00000000   Code   RO         4215    .ARM.Collect$$libinit$$00000015  c_w.l(libinit2.o)
    0x080002a4   0x080002a4   0x0000000a   Code   RO         4216    .ARM.Collect$$libinit$$00000016  c_w.l(libinit2.o)
    0x080002ae   0x080002ae   0x00000000   Code   RO         4217    .ARM.Collect$$libinit$$00000017  c_w.l(libinit2.o)
    0x080002ae   0x080002ae   0x00000000   Code   RO         4219    .ARM.Collect$$libinit$$00000019  c_w.l(libinit2.o)
    0x080002ae   0x080002ae   0x00000000   Code   RO         4221    .ARM.Collect$$libinit$$0000001B  c_w.l(libinit2.o)
    0x080002ae   0x080002ae   0x00000000   Code   RO         4223    .ARM.Collect$$libinit$$0000001D  c_w.l(libinit2.o)
    0x080002ae   0x080002ae   0x00000000   Code   RO         4225    .ARM.Collect$$libinit$$0000001F  c_w.l(libinit2.o)
    0x080002ae   0x080002ae   0x00000000   Code   RO         4227    .ARM.Collect$$libinit$$00000021  c_w.l(libinit2.o)
    0x080002ae   0x080002ae   0x00000000   Code   RO         4229    .ARM.Collect$$libinit$$00000023  c_w.l(libinit2.o)
    0x080002ae   0x080002ae   0x00000000   Code   RO         4231    .ARM.Collect$$libinit$$00000025  c_w.l(libinit2.o)
    0x080002ae   0x080002ae   0x00000000   Code   RO         4235    .ARM.Collect$$libinit$$0000002C  c_w.l(libinit2.o)
    0x080002ae   0x080002ae   0x00000000   Code   RO         4237    .ARM.Collect$$libinit$$0000002E  c_w.l(libinit2.o)
    0x080002ae   0x080002ae   0x00000000   Code   RO         4239    .ARM.Collect$$libinit$$00000030  c_w.l(libinit2.o)
    0x080002ae   0x080002ae   0x00000000   Code   RO         4241    .ARM.Collect$$libinit$$00000032  c_w.l(libinit2.o)
    0x080002ae   0x080002ae   0x00000002   Code   RO         4242    .ARM.Collect$$libinit$$00000033  c_w.l(libinit2.o)
    0x080002b0   0x080002b0   0x00000002   Code   RO         4260    .ARM.Collect$$libshutdown$$00000000  c_w.l(libshutdown.o)
    0x080002b2   0x080002b2   0x00000000   Code   RO         4270    .ARM.Collect$$libshutdown$$00000002  c_w.l(libshutdown2.o)
    0x080002b2   0x080002b2   0x00000000   Code   RO         4272    .ARM.Collect$$libshutdown$$00000004  c_w.l(libshutdown2.o)
    0x080002b2   0x080002b2   0x00000000   Code   RO         4275    .ARM.Collect$$libshutdown$$00000007  c_w.l(libshutdown2.o)
    0x080002b2   0x080002b2   0x00000000   Code   RO         4278    .ARM.Collect$$libshutdown$$0000000A  c_w.l(libshutdown2.o)
    0x080002b2   0x080002b2   0x00000000   Code   RO         4280    .ARM.Collect$$libshutdown$$0000000C  c_w.l(libshutdown2.o)
    0x080002b2   0x080002b2   0x00000000   Code   RO         4283    .ARM.Collect$$libshutdown$$0000000F  c_w.l(libshutdown2.o)
    0x080002b2   0x080002b2   0x00000002   Code   RO         4284    .ARM.Collect$$libshutdown$$00000010  c_w.l(libshutdown2.o)
    0x080002b4   0x080002b4   0x00000000   Code   RO         4029    .ARM.Collect$$rtentry$$00000000  c_w.l(__rtentry.o)
    0x080002b4   0x080002b4   0x00000000   Code   RO         4101    .ARM.Collect$$rtentry$$00000002  c_w.l(__rtentry2.o)
    0x080002b4   0x080002b4   0x00000006   Code   RO         4113    .ARM.Collect$$rtentry$$00000004  c_w.l(__rtentry4.o)
    0x080002ba   0x080002ba   0x00000000   Code   RO         4103    .ARM.Collect$$rtentry$$00000009  c_w.l(__rtentry2.o)
    0x080002ba   0x080002ba   0x00000004   Code   RO         4104    .ARM.Collect$$rtentry$$0000000A  c_w.l(__rtentry2.o)
    0x080002be   0x080002be   0x00000000   Code   RO         4106    .ARM.Collect$$rtentry$$0000000C  c_w.l(__rtentry2.o)
    0x080002be   0x080002be   0x00000008   Code   RO         4107    .ARM.Collect$$rtentry$$0000000D  c_w.l(__rtentry2.o)
    0x080002c6   0x080002c6   0x00000002   Code   RO         4191    .ARM.Collect$$rtexit$$00000000  c_w.l(rtexit.o)
    0x080002c8   0x080002c8   0x00000000   Code   RO         4244    .ARM.Collect$$rtexit$$00000002  c_w.l(rtexit2.o)
    0x080002c8   0x080002c8   0x00000004   Code   RO         4245    .ARM.Collect$$rtexit$$00000003  c_w.l(rtexit2.o)
    0x080002cc   0x080002cc   0x00000006   Code   RO         4246    .ARM.Collect$$rtexit$$00000004  c_w.l(rtexit2.o)
    0x080002d2   0x080002d2   0x00000002   PAD
    0x080002d4   0x080002d4   0x00000040   Code   RO         2954    .text               startup_stm32f40_41xxx.o
    0x08000314   0x08000314   0x000000c8   Code   RO         3823    .text               os_cpu_a.o
    0x080003dc   0x080003dc   0x00000002   Code   RO         3918    .text               c_w.l(use_no_semi_2.o)
    0x080003de   0x080003de   0x00000002   PAD
    0x080003e0   0x080003e0   0x00000024   Code   RO         3920    .text               c_w.l(vsprintf.o)
    0x08000404   0x08000404   0x00000018   Code   RO         3922    .text               c_w.l(__2printf.o)
    0x0800041c   0x0800041c   0x0000002c   Code   RO         3924    .text               c_w.l(__2sprintf.o)
    0x08000448   0x08000448   0x00000052   Code   RO         3932    .text               c_w.l(_printf_str.o)
    0x0800049a   0x0800049a   0x00000002   PAD
    0x0800049c   0x0800049c   0x00000078   Code   RO         3934    .text               c_w.l(_printf_dec.o)
    0x08000514   0x08000514   0x00000094   Code   RO         3954    .text               c_w.l(_printf_hex_int_ll_ptr.o)
    0x080005a8   0x080005a8   0x00000188   Code   RO         3974    .text               c_w.l(__printf_flags_ss_wp.o)
    0x08000730   0x08000730   0x00000024   Code   RO         3981    .text               c_w.l(strstr.o)
    0x08000754   0x08000754   0x0000003e   Code   RO         3983    .text               c_w.l(strlen.o)
    0x08000792   0x08000792   0x00000018   Code   RO         3985    .text               c_w.l(strcat.o)
    0x080007aa   0x080007aa   0x0000008a   Code   RO         3987    .text               c_w.l(rt_memcpy_v6.o)
    0x08000834   0x08000834   0x00000044   Code   RO         3989    .text               c_w.l(rt_memclr.o)
    0x08000878   0x08000878   0x0000004e   Code   RO         3991    .text               c_w.l(rt_memclr_w.o)
    0x080008c6   0x080008c6   0x00000006   Code   RO         3993    .text               c_w.l(heapauxi.o)
    0x080008cc   0x080008cc   0x00000002   Code   RO         4027    .text               c_w.l(use_no_semi.o)
    0x080008ce   0x080008ce   0x00000016   Code   RO         4030    .text               c_w.l(_rserrno.o)
    0x080008e4   0x080008e4   0x0000004e   Code   RO         4032    .text               c_w.l(_printf_pad.o)
    0x08000932   0x08000932   0x00000024   Code   RO         4034    .text               c_w.l(_printf_truncate.o)
    0x08000956   0x08000956   0x000000b2   Code   RO         4036    .text               c_w.l(_printf_intcommon.o)
    0x08000a08   0x08000a08   0x00000028   Code   RO         4038    .text               c_w.l(_printf_charcount.o)
    0x08000a30   0x08000a30   0x00000030   Code   RO         4040    .text               c_w.l(_printf_char_common.o)
    0x08000a60   0x08000a60   0x0000000a   Code   RO         4042    .text               c_w.l(_sputc.o)
    0x08000a6a   0x08000a6a   0x0000002c   Code   RO         4044    .text               c_w.l(_printf_char.o)
    0x08000a96   0x08000a96   0x00000002   PAD
    0x08000a98   0x08000a98   0x00000024   Code   RO         4046    .text               c_w.l(_printf_char_file.o)
    0x08000abc   0x08000abc   0x000000bc   Code   RO         4048    .text               c_w.l(_printf_wctomb.o)
    0x08000b78   0x08000b78   0x0000007c   Code   RO         4051    .text               c_w.l(_printf_longlong_dec.o)
    0x08000bf4   0x08000bf4   0x00000070   Code   RO         4057    .text               c_w.l(_printf_oct_int_ll.o)
    0x08000c64   0x08000c64   0x00000064   Code   RO         4079    .text               c_w.l(rt_memcpy_w.o)
    0x08000cc8   0x08000cc8   0x00000008   Code   RO         4118    .text               c_w.l(rt_errno_addr_intlibspace.o)
    0x08000cd0   0x08000cd0   0x0000008a   Code   RO         4120    .text               c_w.l(lludiv10.o)
    0x08000d5a   0x08000d5a   0x0000041e   Code   RO         4122    .text               c_w.l(_printf_fp_dec.o)
    0x08001178   0x08001178   0x000002fc   Code   RO         4124    .text               c_w.l(_printf_fp_hex.o)
    0x08001474   0x08001474   0x0000002c   Code   RO         4129    .text               c_w.l(_printf_wchar.o)
    0x080014a0   0x080014a0   0x00000008   Code   RO         4131    .text               c_w.l(ferror.o)
    0x080014a8   0x080014a8   0x00000040   Code   RO         4135    .text               c_w.l(_wcrtomb.o)
    0x080014e8   0x080014e8   0x00000008   Code   RO         4137    .text               c_w.l(libspace.o)
    0x080014f0   0x080014f0   0x0000004a   Code   RO         4140    .text               c_w.l(sys_stackheap_outer.o)
    0x0800153a   0x0800153a   0x00000002   PAD
    0x0800153c   0x0800153c   0x00000010   Code   RO         4142    .text               c_w.l(rt_ctype_table.o)
    0x0800154c   0x0800154c   0x00000008   Code   RO         4147    .text               c_w.l(rt_locale_intlibspace.o)
    0x08001554   0x08001554   0x00000080   Code   RO         4149    .text               c_w.l(_printf_fp_infnan.o)
    0x080015d4   0x080015d4   0x000000e4   Code   RO         4151    .text               c_w.l(bigflt0.o)
    0x080016b8   0x080016b8   0x00000012   Code   RO         4179    .text               c_w.l(exit.o)
    0x080016ca   0x080016ca   0x00000002   PAD
    0x080016cc   0x080016cc   0x00000080   Code   RO         4196    .text               c_w.l(strcmpv7m.o)
    0x0800174c   0x0800174c   0x0000003e   Code   RO         4154    CL$$btod_d2e        c_w.l(btod.o)
    0x0800178a   0x0800178a   0x00000046   Code   RO         4156    CL$$btod_d2e_denorm_low  c_w.l(btod.o)
    0x080017d0   0x080017d0   0x00000060   Code   RO         4155    CL$$btod_d2e_norm_op1  c_w.l(btod.o)
    0x08001830   0x08001830   0x00000338   Code   RO         4164    CL$$btod_div_common  c_w.l(btod.o)
    0x08001b68   0x08001b68   0x000000dc   Code   RO         4161    CL$$btod_e2e        c_w.l(btod.o)
    0x08001c44   0x08001c44   0x0000002a   Code   RO         4158    CL$$btod_ediv       c_w.l(btod.o)
    0x08001c6e   0x08001c6e   0x0000002a   Code   RO         4157    CL$$btod_emul       c_w.l(btod.o)
    0x08001c98   0x08001c98   0x00000244   Code   RO         4163    CL$$btod_mult_common  c_w.l(btod.o)
    0x08001edc   0x08001edc   0x00000004   Code   RO            3    i.BusFault_Handler  stm32f4xx_it.o
    0x08001ee0   0x08001ee0   0x00000060   Code   RO          121    i.DC1MotorTask      main.o
    0x08001f40   0x08001f40   0x00000060   Code   RO          122    i.DC2MotorTask      main.o
    0x08001fa0   0x08001fa0   0x00000060   Code   RO          943    i.DHT11_Check       dht11.o
    0x08002000   0x08002000   0x00000034   Code   RO          944    i.DHT11_Init        dht11.o
    0x08002034   0x08002034   0x0000004c   Code   RO          945    i.DHT11_Read_Bit    dht11.o
    0x08002080   0x08002080   0x00000020   Code   RO          946    i.DHT11_Read_Byte   dht11.o
    0x080020a0   0x080020a0   0x0000005a   Code   RO          947    i.DHT11_Read_Data   dht11.o
    0x080020fa   0x080020fa   0x00000002   PAD
    0x080020fc   0x080020fc   0x00000040   Code   RO          948    i.DHT11_Rst         dht11.o
    0x0800213c   0x0800213c   0x000000e8   Code   RO          993    i.DcMotorInit       motor.o
    0x08002224   0x08002224   0x00000002   Code   RO            4    i.DebugMon_Handler  stm32f4xx_it.o
    0x08002226   0x08002226   0x00000002   PAD
    0x08002228   0x08002228   0x0000021c   Code   RO          670    i.ESP8266_Con_Udp   esp8266.o
    0x08002444   0x08002444   0x00000068   Code   RO          671    i.ESP8266_Init      esp8266.o
    0x080024ac   0x080024ac   0x00000020   Code   RO          672    i.ESP8266_Power_Ctrl  esp8266.o
    0x080024cc   0x080024cc   0x0000003c   Code   RO          673    i.ESP8266_Power_Pin_Init  esp8266.o
    0x08002508   0x08002508   0x00000034   Code   RO          300    i.EXTI4_IRQHandler  key.o
    0x0800253c   0x0800253c   0x00000030   Code   RO          830    i.EXTI9_5_IRQHandler  touch.o
    0x0800256c   0x0800256c   0x0000000c   Code   RO         2165    i.EXTI_ClearFlag    stm32f4xx_exti.o
    0x08002578   0x08002578   0x00000018   Code   RO         2169    i.EXTI_GetFlagStatus  stm32f4xx_exti.o
    0x08002590   0x08002590   0x00000094   Code   RO         2171    i.EXTI_Init         stm32f4xx_exti.o
    0x08002624   0x08002624   0x00000034   Code   RO         1319    i.FSMC_NORSRAMCmd   stm32f4xx_fsmc.o
    0x08002658   0x08002658   0x000000e6   Code   RO         1321    i.FSMC_NORSRAMInit  stm32f4xx_fsmc.o
    0x0800273e   0x0800273e   0x00000090   Code   RO         1440    i.GPIO_Init         stm32f4xx_gpio.o
    0x080027ce   0x080027ce   0x00000046   Code   RO         1441    i.GPIO_PinAFConfig  stm32f4xx_gpio.o
    0x08002814   0x08002814   0x00000004   Code   RO         1447    i.GPIO_ResetBits    stm32f4xx_gpio.o
    0x08002818   0x08002818   0x00000004   Code   RO         1448    i.GPIO_SetBits      stm32f4xx_gpio.o
    0x0800281c   0x0800281c   0x00000124   Code   RO         2997    i.HTTP_PostPkt      http_demo.o
    0x08002940   0x08002940   0x00000004   Code   RO            5    i.HardFault_Handler  stm32f4xx_it.o
    0x08002944   0x08002944   0x00000010   Code   RO         1537    i.IWDG_Enable       stm32f4xx_iwdg.o
    0x08002954   0x08002954   0x00000010   Code   RO         1539    i.IWDG_ReloadCounter  stm32f4xx_iwdg.o
    0x08002964   0x08002964   0x0000000c   Code   RO         1540    i.IWDG_SetPrescaler  stm32f4xx_iwdg.o
    0x08002970   0x08002970   0x0000000c   Code   RO         1541    i.IWDG_SetReload    stm32f4xx_iwdg.o
    0x0800297c   0x0800297c   0x0000000c   Code   RO         1542    i.IWDG_WriteAccessCmd  stm32f4xx_iwdg.o
    0x08002988   0x08002988   0x00000054   Code   RO          327    i.InfradedInit      infraded.o
    0x080029dc   0x080029dc   0x00000008   Code   RO          598    i.IwdgFeed          iwdg.o
    0x080029e4   0x080029e4   0x00000024   Code   RO          599    i.IwdgInit          iwdg.o
    0x08002a08   0x08002a08   0x00000054   Code   RO          123    i.IwdgTmrCallBack   main.o
    0x08002a5c   0x08002a5c   0x00000080   Code   RO          301    i.KeyInit           key.o
    0x08002adc   0x08002adc   0x0000006c   Code   RO          384    i.LCD_Clear         lcd.o
    0x08002b48   0x08002b48   0x00000170   Code   RO          388    i.LCD_Display_Dir   lcd.o
    0x08002cb8   0x08002cb8   0x000000b0   Code   RO          389    i.LCD_DrawLine      lcd.o
    0x08002d68   0x08002d68   0x00000024   Code   RO          390    i.LCD_DrawPoint     lcd.o
    0x08002d8c   0x08002d8c   0x0000003c   Code   RO          391    i.LCD_DrawRectangle  lcd.o
    0x08002dc8   0x08002dc8   0x00000098   Code   RO          392    i.LCD_Draw_Circle   lcd.o
    0x08002e60   0x08002e60   0x0000011c   Code   RO          393    i.LCD_Fast_DrawPoint  lcd.o
    0x08002f7c   0x08002f7c   0x000038a0   Code   RO          395    i.LCD_Init          lcd.o
    0x0800681c   0x0800681c   0x00000016   Code   RO          396    i.LCD_Pow           lcd.o
    0x08006832   0x08006832   0x00000002   PAD
    0x08006834   0x08006834   0x00000014   Code   RO          397    i.LCD_RD_DATA       lcd.o
    0x08006848   0x08006848   0x00000016   Code   RO          399    i.LCD_ReadReg       lcd.o
    0x0800685e   0x0800685e   0x00000002   PAD
    0x08006860   0x08006860   0x000002dc   Code   RO          400    i.LCD_Scan_Dir      lcd.o
    0x08006b3c   0x08006b3c   0x0000010c   Code   RO          401    i.LCD_SetCursor     lcd.o
    0x08006c48   0x08006c48   0x00000128   Code   RO          403    i.LCD_ShowChar      lcd.o
    0x08006d70   0x08006d70   0x00000094   Code   RO          404    i.LCD_ShowNum       lcd.o
    0x08006e04   0x08006e04   0x00000066   Code   RO          405    i.LCD_ShowString    lcd.o
    0x08006e6a   0x08006e6a   0x00000002   PAD
    0x08006e6c   0x08006e6c   0x00000018   Code   RO          407    i.LCD_WR_DATA       lcd.o
    0x08006e84   0x08006e84   0x00000018   Code   RO          408    i.LCD_WR_REG        lcd.o
    0x08006e9c   0x08006e9c   0x00000014   Code   RO          410    i.LCD_WriteRAM_Prepare  lcd.o
    0x08006eb0   0x08006eb0   0x00000018   Code   RO          411    i.LCD_WriteReg      lcd.o
    0x08006ec8   0x08006ec8   0x0000029c   Code   RO          124    i.LcdShowTask       main.o
    0x08007164   0x08007164   0x0000001c   Code   RO          351    i.Led2Switch        led.o
    0x08007180   0x08007180   0x0000001c   Code   RO          352    i.Led3Switch        led.o
    0x0800719c   0x0800719c   0x0000003c   Code   RO          353    i.LedInit           led.o
    0x080071d8   0x080071d8   0x00000040   Code   RO          831    i.Load_Drow_Dialog  touch.o
    0x08007218   0x08007218   0x00000004   Code   RO            6    i.MemManage_Handler  stm32f4xx_it.o
    0x0800721c   0x0800721c   0x00000010   Code   RO          994    i.Motor1SpeedOut    motor.o
    0x0800722c   0x0800722c   0x00000010   Code   RO          995    i.Motor2SpeedOut    motor.o
    0x0800723c   0x0800723c   0x00000002   Code   RO            7    i.NMI_Handler       stm32f4xx_it.o
    0x0800723e   0x0800723e   0x00000002   PAD
    0x08007240   0x08007240   0x00000078   Code   RO         1264    i.NVIC_Init         misc.o
    0x080072b8   0x080072b8   0x00000014   Code   RO         1265    i.NVIC_PriorityGroupConfig  misc.o
    0x080072cc   0x080072cc   0x00000064   Code   RO         3217    i.OSFlagCreate      os_flag.o
    0x08007330   0x08007330   0x00000260   Code   RO         3221    i.OSFlagPend        os_flag.o
    0x08007590   0x08007590   0x00000142   Code   RO         3223    i.OSFlagPost        os_flag.o
    0x080076d2   0x080076d2   0x00000030   Code   RO         3017    i.OSInit            os_core.o
    0x08007702   0x08007702   0x00000002   PAD
    0x08007704   0x08007704   0x0000000c   Code   RO         3828    i.OSInitHookBegin   os_cpu_c.o
    0x08007710   0x08007710   0x00000002   Code   RO         3829    i.OSInitHookEnd     os_cpu_c.o
    0x08007712   0x08007712   0x00000002   PAD
    0x08007714   0x08007714   0x00000024   Code   RO         3018    i.OSIntEnter        os_core.o
    0x08007738   0x08007738   0x00000090   Code   RO         3019    i.OSIntExit         os_core.o
    0x080077c8   0x080077c8   0x00000040   Code   RO         3020    i.OSSchedLock       os_core.o
    0x08007808   0x08007808   0x00000060   Code   RO         3021    i.OSSchedUnlock     os_core.o
    0x08007868   0x08007868   0x0000004c   Code   RO         3518    i.OSSemCreate       os_sem.o
    0x080078b4   0x080078b4   0x000000f4   Code   RO         3520    i.OSSemPend         os_sem.o
    0x080079a8   0x080079a8   0x0000005e   Code   RO         3522    i.OSSemPost         os_sem.o
    0x08007a06   0x08007a06   0x0000004a   Code   RO         3524    i.OSSemSet          os_sem.o
    0x08007a50   0x08007a50   0x00000048   Code   RO         3022    i.OSStart           os_core.o
    0x08007a98   0x08007a98   0x0000004c   Code   RO         3023    i.OSStatInit        os_core.o
    0x08007ae4   0x08007ae4   0x00000002   Code   RO         3830    i.OSTCBInitHook     os_cpu_c.o
    0x08007ae6   0x08007ae6   0x00000002   PAD
    0x08007ae8   0x08007ae8   0x000000a8   Code   RO         3580    i.OSTaskCreate      os_task.o
    0x08007b90   0x08007b90   0x000000c0   Code   RO         3581    i.OSTaskCreateExt   os_task.o
    0x08007c50   0x08007c50   0x00000002   Code   RO         3831    i.OSTaskCreateHook  os_cpu_c.o
    0x08007c52   0x08007c52   0x00000002   PAD
    0x08007c54   0x08007c54   0x00000160   Code   RO         3582    i.OSTaskDel         os_task.o
    0x08007db4   0x08007db4   0x00000002   Code   RO         3832    i.OSTaskDelHook     os_cpu_c.o
    0x08007db6   0x08007db6   0x00000002   Code   RO         3833    i.OSTaskIdleHook    os_cpu_c.o
    0x08007db8   0x08007db8   0x00000084   Code   RO         3585    i.OSTaskNameSet     os_task.o
    0x08007e3c   0x08007e3c   0x00000002   Code   RO         3834    i.OSTaskReturnHook  os_cpu_c.o
    0x08007e3e   0x08007e3e   0x00000002   Code   RO         3835    i.OSTaskStatHook    os_cpu_c.o
    0x08007e40   0x08007e40   0x000000a0   Code   RO         3590    i.OSTaskStkChk      os_task.o
    0x08007ee0   0x08007ee0   0x000001b0   Code   RO         3836    i.OSTaskStkInit     os_cpu_c.o
    0x08008090   0x08008090   0x000000bc   Code   RO         3591    i.OSTaskSuspend     os_task.o
    0x0800814c   0x0800814c   0x00000002   Code   RO         3837    i.OSTaskSwHook      os_cpu_c.o
    0x0800814e   0x0800814e   0x00000002   PAD
    0x08008150   0x08008150   0x00000078   Code   RO         3683    i.OSTimeDly         os_time.o
    0x080081c8   0x080081c8   0x000000ec   Code   RO         3024    i.OSTimeTick        os_core.o
    0x080082b4   0x080082b4   0x00000024   Code   RO         3838    i.OSTimeTickHook    os_cpu_c.o
    0x080082d8   0x080082d8   0x00000094   Code   RO         3727    i.OSTmrCreate       os_tmr.o
    0x0800836c   0x0800836c   0x00000014   Code   RO         3731    i.OSTmrSignal       os_tmr.o
    0x08008380   0x08008380   0x00000090   Code   RO         3732    i.OSTmrStart        os_tmr.o
    0x08008410   0x08008410   0x00000040   Code   RO         3735    i.OSTmr_Alloc       os_tmr.o
    0x08008450   0x08008450   0x000000b8   Code   RO         3737    i.OSTmr_Init        os_tmr.o
    0x08008508   0x08008508   0x00000050   Code   RO         3738    i.OSTmr_InitTask    os_tmr.o
    0x08008558   0x08008558   0x0000006c   Code   RO         3739    i.OSTmr_Link        os_tmr.o
    0x080085c4   0x080085c4   0x00000080   Code   RO         3740    i.OSTmr_Task        os_tmr.o
    0x08008644   0x08008644   0x00000044   Code   RO         3741    i.OSTmr_Unlink      os_tmr.o
    0x08008688   0x08008688   0x00000002   Code   RO         3026    i.OS_Dummy          os_core.o
    0x0800868a   0x0800868a   0x00000002   PAD
    0x0800868c   0x0800868c   0x00000084   Code   RO         3027    i.OS_EventTaskRdy   os_core.o
    0x08008710   0x08008710   0x0000002a   Code   RO         3028    i.OS_EventTaskRemove  os_core.o
    0x0800873a   0x0800873a   0x00000002   PAD
    0x0800873c   0x0800873c   0x0000007c   Code   RO         3029    i.OS_EventTaskWait  os_core.o
    0x080087b8   0x080087b8   0x0000001c   Code   RO         3030    i.OS_EventWaitListInit  os_core.o
    0x080087d4   0x080087d4   0x000000a4   Code   RO         3225    i.OS_FlagBlock      os_flag.o
    0x08008878   0x08008878   0x00000058   Code   RO         3226    i.OS_FlagInit       os_flag.o
    0x080088d0   0x080088d0   0x0000005c   Code   RO         3227    i.OS_FlagTaskRdy    os_flag.o
    0x0800892c   0x0800892c   0x00000024   Code   RO         3228    i.OS_FlagUnlink     os_flag.o
    0x08008950   0x08008950   0x00000054   Code   RO         3031    i.OS_InitEventList  os_core.o
    0x080089a4   0x080089a4   0x00000054   Code   RO         3032    i.OS_InitMisc       os_core.o
    0x080089f8   0x080089f8   0x00000044   Code   RO         3033    i.OS_InitRdyList    os_core.o
    0x08008a3c   0x08008a3c   0x00000080   Code   RO         3034    i.OS_InitTCBList    os_core.o
    0x08008abc   0x08008abc   0x00000050   Code   RO         3035    i.OS_InitTaskIdle   os_core.o
    0x08008b0c   0x08008b0c   0x00000050   Code   RO         3036    i.OS_InitTaskStat   os_core.o
    0x08008b5c   0x08008b5c   0x00000012   Code   RO         3037    i.OS_MemClr         os_core.o
    0x08008b6e   0x08008b6e   0x00000002   PAD
    0x08008b70   0x08008b70   0x00000050   Code   RO         3447    i.OS_QInit          os_q.o
    0x08008bc0   0x08008bc0   0x00000074   Code   RO         3039    i.OS_Sched          os_core.o
    0x08008c34   0x08008c34   0x0000002c   Code   RO         3040    i.OS_SchedNew       os_core.o
    0x08008c60   0x08008c60   0x00000134   Code   RO         3042    i.OS_TCBInit        os_core.o
    0x08008d94   0x08008d94   0x00000028   Code   RO         3043    i.OS_TaskIdle       os_core.o
    0x08008dbc   0x08008dbc   0x00000018   Code   RO         3592    i.OS_TaskReturn     os_task.o
    0x08008dd4   0x08008dd4   0x00000088   Code   RO         3044    i.OS_TaskStat       os_core.o
    0x08008e5c   0x08008e5c   0x0000003c   Code   RO         3045    i.OS_TaskStatStkChk  os_core.o
    0x08008e98   0x08008e98   0x0000001a   Code   RO         3593    i.OS_TaskStkClr     os_task.o
    0x08008eb2   0x08008eb2   0x00000002   PAD
    0x08008eb4   0x08008eb4   0x0000003c   Code   RO         1113    i.PaperNumGetData   savedata.o
    0x08008ef0   0x08008ef0   0x00000038   Code   RO         1114    i.PaperNumSaveData  savedata.o
    0x08008f28   0x08008f28   0x00000020   Code   RO         1587    i.RCC_AHB1PeriphClockCmd  stm32f4xx_rcc.o
    0x08008f48   0x08008f48   0x00000020   Code   RO         1593    i.RCC_AHB3PeriphClockCmd  stm32f4xx_rcc.o
    0x08008f68   0x08008f68   0x00000020   Code   RO         1596    i.RCC_APB1PeriphClockCmd  stm32f4xx_rcc.o
    0x08008f88   0x08008f88   0x00000020   Code   RO         1599    i.RCC_APB2PeriphClockCmd  stm32f4xx_rcc.o
    0x08008fa8   0x08008fa8   0x000000e8   Code   RO         1608    i.RCC_GetClocksFreq  stm32f4xx_rcc.o
    0x08009090   0x08009090   0x000000a8   Code   RO         1081    i.SPI1_Init         spi.o
    0x08009138   0x08009138   0x00000038   Code   RO         1082    i.SPI1_ReadWriteByte  spi.o
    0x08009170   0x08009170   0x00000028   Code   RO         1083    i.SPI1_SetSpeed     spi.o
    0x08009198   0x08009198   0x00000018   Code   RO         2233    i.SPI_Cmd           stm32f4xx_spi.o
    0x080091b0   0x080091b0   0x00000012   Code   RO         2241    i.SPI_I2S_GetFlagStatus  stm32f4xx_spi.o
    0x080091c2   0x080091c2   0x00000006   Code   RO         2244    i.SPI_I2S_ReceiveData  stm32f4xx_spi.o
    0x080091c8   0x080091c8   0x00000004   Code   RO         2245    i.SPI_I2S_SendData  stm32f4xx_spi.o
    0x080091cc   0x080091cc   0x0000003c   Code   RO         2246    i.SPI_Init          stm32f4xx_spi.o
    0x08009208   0x08009208   0x00000002   Code   RO            8    i.SVC_Handler       stm32f4xx_it.o
    0x0800920a   0x0800920a   0x00000002   PAD
    0x0800920c   0x0800920c   0x00000040   Code   RO         1924    i.SYSCFG_EXTILineConfig  stm32f4xx_syscfg.o
    0x0800924c   0x0800924c   0x000000a8   Code   RO          674    i.SendCmd           esp8266.o
    0x080092f4   0x080092f4   0x000000ec   Code   RO         2960    i.SetSysClock       system_stm32f4xx.o
    0x080093e0   0x080093e0   0x00000194   Code   RO          125    i.StartTask         main.o
    0x08009574   0x08009574   0x00000028   Code   RO         1268    i.SysTick_CLKSourceConfig  misc.o
    0x0800959c   0x0800959c   0x0000001c   Code   RO         1206    i.SysTick_Handler   delay.o
    0x080095b8   0x080095b8   0x00000068   Code   RO         2962    i.SystemInit        system_stm32f4xx.o
    0x08009620   0x08009620   0x00000018   Code   RO         2395    i.TIM_ARRPreloadConfig  stm32f4xx_tim.o
    0x08009638   0x08009638   0x00000018   Code   RO         2407    i.TIM_Cmd           stm32f4xx_tim.o
    0x08009650   0x08009650   0x0000007c   Code   RO         2436    i.TIM_OC1Init       stm32f4xx_tim.o
    0x080096cc   0x080096cc   0x00000012   Code   RO         2439    i.TIM_OC1PreloadConfig  stm32f4xx_tim.o
    0x080096de   0x080096de   0x00000002   PAD
    0x080096e0   0x080096e0   0x000000a4   Code   RO         2441    i.TIM_OC2Init       stm32f4xx_tim.o
    0x08009784   0x08009784   0x0000001a   Code   RO         2444    i.TIM_OC2PreloadConfig  stm32f4xx_tim.o
    0x0800979e   0x0800979e   0x00000002   PAD
    0x080097a0   0x080097a0   0x000000a0   Code   RO         2446    i.TIM_OC3Init       stm32f4xx_tim.o
    0x08009840   0x08009840   0x00000012   Code   RO         2449    i.TIM_OC3PreloadConfig  stm32f4xx_tim.o
    0x08009852   0x08009852   0x00000002   PAD
    0x08009854   0x08009854   0x00000078   Code   RO         2451    i.TIM_OC4Init       stm32f4xx_tim.o
    0x080098cc   0x080098cc   0x0000001a   Code   RO         2453    i.TIM_OC4PreloadConfig  stm32f4xx_tim.o
    0x080098e6   0x080098e6   0x00000004   Code   RO         2469    i.TIM_SetCompare1   stm32f4xx_tim.o
    0x080098ea   0x080098ea   0x00000004   Code   RO         2470    i.TIM_SetCompare2   stm32f4xx_tim.o
    0x080098ee   0x080098ee   0x00000002   PAD
    0x080098f0   0x080098f0   0x00000084   Code   RO         2479    i.TIM_TimeBaseInit  stm32f4xx_tim.o
    0x08009974   0x08009974   0x000001a8   Code   RO          832    i.TP_Adj_Info_Show  touch.o
    0x08009b1c   0x08009b1c   0x000008e8   Code   RO          833    i.TP_Adjust         touch.o
    0x0800a404   0x0800a404   0x0000003c   Code   RO          834    i.TP_Draw_Big_Point  touch.o
    0x0800a440   0x0800a440   0x00000070   Code   RO          835    i.TP_Drow_Touch_Point  touch.o
    0x0800a4b0   0x0800a4b0   0x00000128   Code   RO          836    i.TP_Get_Adjdata    touch.o
    0x0800a5d8   0x0800a5d8   0x000000f4   Code   RO          837    i.TP_Init           touch.o
    0x0800a6cc   0x0800a6cc   0x00000090   Code   RO          838    i.TP_Read_AD        touch.o
    0x0800a75c   0x0800a75c   0x00000076   Code   RO          839    i.TP_Read_XOY       touch.o
    0x0800a7d2   0x0800a7d2   0x00000002   PAD
    0x0800a7d4   0x0800a7d4   0x00000030   Code   RO          840    i.TP_Read_XY        touch.o
    0x0800a804   0x0800a804   0x000000c0   Code   RO          841    i.TP_Read_XY2       touch.o
    0x0800a8c4   0x0800a8c4   0x000000e8   Code   RO          842    i.TP_Save_Adjdata   touch.o
    0x0800a9ac   0x0800a9ac   0x000000e4   Code   RO          843    i.TP_Scan           touch.o
    0x0800aa90   0x0800aa90   0x00000140   Code   RO          126    i.TP_Task           main.o
    0x0800abd0   0x0800abd0   0x0000004c   Code   RO          844    i.TP_Write_Byte     touch.o
    0x0800ac1c   0x0800ac1c   0x00000048   Code   RO          998    i.TravelMotorCtrl   motor.o
    0x0800ac64   0x0800ac64   0x00000034   Code   RO          999    i.TravelMotorInit   motor.o
    0x0800ac98   0x0800ac98   0x000000a4   Code   RO          127    i.TravelMotorTask   main.o
    0x0800ad3c   0x0800ad3c   0x000000b0   Code   RO         1155    i.UART1_Init        uart.o
    0x0800adec   0x0800adec   0x000000d0   Code   RO          624    i.UART3_Init        esp8266_uart.o
    0x0800aebc   0x0800aebc   0x00000088   Code   RO         1049    i.UART4_Init        xfs5152ce.o
    0x0800af44   0x0800af44   0x00000040   Code   RO         1050    i.UART4_Send_Data   xfs5152ce.o
    0x0800af84   0x0800af84   0x00000094   Code   RO         1156    i.USART1_IRQHandler  uart.o
    0x0800b018   0x0800b018   0x000000b8   Code   RO          625    i.USART3_IRQHandler  esp8266_uart.o
    0x0800b0d0   0x0800b0d0   0x00000040   Code   RO          626    i.USART3_Send_Data  esp8266_uart.o
    0x0800b110   0x0800b110   0x00000044   Code   RO          627    i.USART3_printf     esp8266_uart.o
    0x0800b154   0x0800b154   0x0000001e   Code   RO         1978    i.USART_ClearITPendingBit  stm32f4xx_usart.o
    0x0800b172   0x0800b172   0x00000018   Code   RO         1981    i.USART_Cmd         stm32f4xx_usart.o
    0x0800b18a   0x0800b18a   0x0000001a   Code   RO         1984    i.USART_GetFlagStatus  stm32f4xx_usart.o
    0x0800b1a4   0x0800b1a4   0x00000054   Code   RO         1985    i.USART_GetITStatus  stm32f4xx_usart.o
    0x0800b1f8   0x0800b1f8   0x0000004a   Code   RO         1987    i.USART_ITConfig    stm32f4xx_usart.o
    0x0800b242   0x0800b242   0x00000002   PAD
    0x0800b244   0x0800b244   0x000000d4   Code   RO         1988    i.USART_Init        stm32f4xx_usart.o
    0x0800b318   0x0800b318   0x0000000a   Code   RO         1995    i.USART_ReceiveData  stm32f4xx_usart.o
    0x0800b322   0x0800b322   0x00000008   Code   RO         1998    i.USART_SendData    stm32f4xx_usart.o
    0x0800b32a   0x0800b32a   0x0000000e   Code   RO          128    i.UartTask          main.o
    0x0800b338   0x0800b338   0x00000004   Code   RO            9    i.UsageFault_Handler  stm32f4xx_it.o
    0x0800b33c   0x0800b33c   0x00000058   Code   RO          720    i.W25QXX_Erase_Sector  w25qxx.o
    0x0800b394   0x0800b394   0x00000054   Code   RO          721    i.W25QXX_Init       w25qxx.o
    0x0800b3e8   0x0800b3e8   0x00000050   Code   RO          723    i.W25QXX_Read       w25qxx.o
    0x0800b438   0x0800b438   0x00000048   Code   RO          724    i.W25QXX_ReadID     w25qxx.o
    0x0800b480   0x0800b480   0x0000002c   Code   RO          725    i.W25QXX_ReadSR     w25qxx.o
    0x0800b4ac   0x0800b4ac   0x00000012   Code   RO          727    i.W25QXX_Wait_Busy  w25qxx.o
    0x0800b4be   0x0800b4be   0x00000002   PAD
    0x0800b4c0   0x0800b4c0   0x000000b8   Code   RO          728    i.W25QXX_Write      w25qxx.o
    0x0800b578   0x0800b578   0x00000020   Code   RO          730    i.W25QXX_Write_Enable  w25qxx.o
    0x0800b598   0x0800b598   0x00000046   Code   RO          731    i.W25QXX_Write_NoCheck  w25qxx.o
    0x0800b5de   0x0800b5de   0x00000002   PAD
    0x0800b5e0   0x0800b5e0   0x00000054   Code   RO          732    i.W25QXX_Write_Page  w25qxx.o
    0x0800b634   0x0800b634   0x0000000e   Code   RO          129    i.WifiRevTask       main.o
    0x0800b642   0x0800b642   0x00000002   PAD
    0x0800b644   0x0800b644   0x00000208   Code   RO          130    i.WifiTrmTask       main.o
    0x0800b84c   0x0800b84c   0x00000052   Code   RO         1051    i.XFS_SendPkt       xfs5152ce.o
    0x0800b89e   0x0800b89e   0x00000030   Code   RO         4189    i.__ARM_fpclassify  m_wm.l(fpclassify.o)
    0x0800b8ce   0x0800b8ce   0x0000007a   Code   RO         4015    i.__hardfp_sqrt     m_wm.l(sqrt.o)
    0x0800b948   0x0800b948   0x0000000e   Code   RO         3967    i._is_digit         c_w.l(__printf_wp.o)
    0x0800b956   0x0800b956   0x00000004   Code   RO         1157    i._sys_exit         uart.o
    0x0800b95a   0x0800b95a   0x00000002   PAD
    0x0800b95c   0x0800b95c   0x00000054   Code   RO         1207    i.delay_init        delay.o
    0x0800b9b0   0x0800b9b0   0x00000050   Code   RO         1208    i.delay_ms          delay.o
    0x0800ba00   0x0800ba00   0x00000008   Code   RO         1209    i.delay_osschedlock  delay.o
    0x0800ba08   0x0800ba08   0x00000008   Code   RO         1210    i.delay_osschedunlock  delay.o
    0x0800ba10   0x0800ba10   0x0000000c   Code   RO         1211    i.delay_ostimedly   delay.o
    0x0800ba1c   0x0800ba1c   0x00000058   Code   RO         1212    i.delay_us          delay.o
    0x0800ba74   0x0800ba74   0x0000001c   Code   RO         1158    i.fputc             uart.o
    0x0800ba90   0x0800ba90   0x00000090   Code   RO          131    i.main              main.o
    0x0800bb20   0x0800bb20   0x0000002c   Code   RO         4177    locale$$code        c_w.l(lc_numeric_c.o)
    0x0800bb4c   0x0800bb4c   0x0000002c   Code   RO         4194    locale$$code        c_w.l(lc_ctype_c.o)
    0x0800bb78   0x0800bb78   0x00000018   Code   RO         4081    x$fpl$dcmpinf       fz_wm.l(dcmpi.o)
    0x0800bb90   0x0800bb90   0x0000005a   Code   RO         3997    x$fpl$dfixu         fz_wm.l(dfixu.o)
    0x0800bbea   0x0800bbea   0x00000026   Code   RO         4001    x$fpl$dfltu         fz_wm.l(dflt_clz.o)
    0x0800bc10   0x0800bc10   0x00000078   Code   RO         4007    x$fpl$dleqf         fz_wm.l(dleqf.o)
    0x0800bc88   0x0800bc88   0x00000154   Code   RO         4009    x$fpl$dmul          fz_wm.l(dmul.o)
    0x0800bddc   0x0800bddc   0x0000009c   Code   RO         4083    x$fpl$dnaninf       fz_wm.l(dnaninf.o)
    0x0800be78   0x0800be78   0x0000000c   Code   RO         4085    x$fpl$dretinf       fz_wm.l(dretinf.o)
    0x0800be84   0x0800be84   0x0000006c   Code   RO         4011    x$fpl$drleqf        fz_wm.l(drleqf.o)
    0x0800bef0   0x0800bef0   0x00000198   Code   RO         4087    x$fpl$dsqrt         fz_wm.l(dsqrt_umaal.o)
    0x0800c088   0x0800c088   0x00000056   Code   RO         4013    x$fpl$f2d           fz_wm.l(f2d.o)
    0x0800c0de   0x0800c0de   0x0000008c   Code   RO         4089    x$fpl$fnaninf       fz_wm.l(fnaninf.o)
    0x0800c16a   0x0800c16a   0x0000000a   Code   RO         4252    x$fpl$fpinit        fz_wm.l(fpinit.o)
    0x0800c174   0x0800c174   0x00000004   Code   RO         4091    x$fpl$printf1       fz_wm.l(printf1.o)
    0x0800c178   0x0800c178   0x00000004   Code   RO         4093    x$fpl$printf2       fz_wm.l(printf2.o)
    0x0800c17c   0x0800c17c   0x00000000   Code   RO         4099    x$fpl$usenofp       fz_wm.l(usenofp.o)
    0x0800c17c   0x0800c17c   0x000017c0   Data   RO          414    .constdata          lcd.o
    0x0800d93c   0x0800d93c   0x00000004   Data   RO          845    .constdata          touch.o
    0x0800d940   0x0800d940   0x00000100   Data   RO         3047    .constdata          os_core.o
    0x0800da40   0x0800da40   0x00000028   Data   RO         3955    .constdata          c_w.l(_printf_hex_int_ll_ptr.o)
    0x0800da68   0x0800da68   0x00000011   Data   RO         3975    .constdata          c_w.l(__printf_flags_ss_wp.o)
    0x0800da79   0x0800da79   0x00000003   PAD
    0x0800da7c   0x0800da7c   0x00000008   Data   RO         4049    .constdata          c_w.l(_printf_wctomb.o)
    0x0800da84   0x0800da84   0x00000026   Data   RO         4125    .constdata          c_w.l(_printf_fp_hex.o)
    0x0800daaa   0x0800daaa   0x00000002   PAD
    0x0800daac   0x0800daac   0x00000094   Data   RO         4152    .constdata          c_w.l(bigflt0.o)
    0x0800db40   0x0800db40   0x00000079   Data   RO          846    .conststring        touch.o
    0x0800dbb9   0x0800dbb9   0x00000003   PAD
    0x0800dbbc   0x0800dbbc   0x00000020   Data   RO         4316    Region$$Table       anon$$obj.o
    0x0800dbdc   0x0800dbdc   0x0000001c   Data   RO         4176    locale$$data        c_w.l(lc_numeric_c.o)
    0x0800dbf8   0x0800dbf8   0x00000110   Data   RO         4193    locale$$data        c_w.l(lc_ctype_c.o)


    Execution Region RW_IRAM1 (Exec base: 0x20000000, Load base: 0x0800dd08, Size: 0x00004098, Max: 0x00020000, ABSOLUTE)

    Exec Addr    Load Addr    Size         Type   Attr      Idx    E Section Name        Object

    0x20000000   0x0800dd08   0x00000029   Data   RW          133    .data               main.o
    0x20000029   0x0800dd31   0x00000001   PAD
    0x2000002a   0x0800dd32   0x00000004   Data   RW          415    .data               lcd.o
    0x2000002e   0x0800dd36   0x00000001   Data   RW          676    .data               esp8266.o
    0x2000002f   0x0800dd37   0x00000001   PAD
    0x20000030   0x0800dd38   0x00000002   Data   RW          735    .data               w25qxx.o
    0x20000032   0x0800dd3a   0x00000002   PAD
    0x20000034   0x0800dd3c   0x0000003a   Data   RW          847    .data               touch.o
    0x2000006e   0x0800dd76   0x00000002   PAD
    0x20000070   0x0800dd78   0x00000006   Data   RW         1160    .data               uart.o
    0x20000076   0x0800dd7e   0x00000004   Data   RW         1213    .data               delay.o
    0x2000007a   0x0800dd82   0x00000010   Data   RW         1640    .data               stm32f4xx_rcc.o
    0x2000008a   0x0800dd92   0x00000002   PAD
    0x2000008c   0x0800dd94   0x0000005c   Data   RW         3048    .data               os_core.o
    0x200000e8   0x0800ddf0   0x00000006   Data   RW         3839    .data               os_cpu_c.o
    0x200000ee   0x0800ddf6   0x00000002   PAD
    0x200000f0        -       0x00001400   Zero   RW          132    .bss                main.o
    0x200014f0        -       0x0000000e   Zero   RW          413    .bss                lcd.o
    0x200014fe        -       0x0000025c   Zero   RW          675    .bss                esp8266.o
    0x2000175a        -       0x00001000   Zero   RW          734    .bss                w25qxx.o
    0x2000275a        -       0x000000c8   Zero   RW         1159    .bss                uart.o
    0x20002822   0x0800ddf6   0x00000002   PAD
    0x20002824        -       0x00001210   Zero   RW         3046    .bss                os_core.o
    0x20003a34        -       0x00000060   Zero   RW         4138    .bss                c_w.l(libspace.o)
    0x20003a94   0x0800ddf6   0x00000004   PAD
    0x20003a98        -       0x00000200   Zero   RW         2952    HEAP                startup_stm32f40_41xxx.o
    0x20003c98        -       0x00000400   Zero   RW         2951    STACK               startup_stm32f40_41xxx.o


==============================================================================

Image component sizes


      Code (inc. data)   RO Data    RW Data    ZI Data      Debug   Object Name

       308         30          0          4          0       3849   delay.o
       410         30          0          0          0       3740   dht11.o
       904        276          0          1        604       3491   esp8266.o
       524         38          0          0          0       3698   esp8266_uart.o
       292        126          0          0          0        863   http_demo.o
        84         10          0          0          0        567   infraded.o
        44          0          0          0          0       1002   iwdg.o
       180         24          0          0          0       1121   key.o
     17382        190       6080          4         14      24957   lcd.o
       116         16          0          0          0       1448   led.o
      2524        712          0         41       5120      18741   main.o
       180         24          0          0          0       1969   misc.o
       388         20          0          0          0       2756   motor.o
      2346        424        256         92       4624      23700   os_core.o
       200         32          0          0          0        316   os_cpu_a.o
       496         16          0          6          0      14931   os_cpu_c.o
      1410         64          0          0          0       6359   os_flag.o
        80          8          0          0          0        579   os_q.o
       488         22          0          0          0       3185   os_sem.o
      1242        116          0          0          0       7004   os_task.o
       120         20          0          0          0        644   os_time.o
       944        124          0          0          0       6158   os_tmr.o
       116         16          0          0          0       1085   savedata.o
       264         18          0          0          0       1701   spi.o
        64         26        392          0       1536        824   startup_stm32f40_41xxx.o
       184         16          0          0          0       1974   stm32f4xx_exti.o
       282          6          0          0          0       1737   stm32f4xx_fsmc.o
       222          0          0          0          0       2739   stm32f4xx_gpio.o
        22          0          0          0          0     302923   stm32f4xx_it.o
        68         30          0          0          0       2450   stm32f4xx_iwdg.o
       360         42          0         16          0       5008   stm32f4xx_rcc.o
       112          0          0          0          0       3322   stm32f4xx_spi.o
        64          4          0          0          0        624   stm32f4xx_syscfg.o
       844         66          0          0          0       8468   stm32f4xx_tim.o
       468          8          0          0          0       5891   stm32f4xx_usart.o
       340         32          0          0          0       1465   system_stm32f4xx.o
      4566        278        125         58          0      12278   touch.o
       356         28          0          6        200       4068   uart.o
       756         70          0          2       4096       6561   w25qxx.o
       282         14          0          0          0       2197   xfs5152ce.o

    ----------------------------------------------------------------------
     40084       2976       6888        240      16196     496393   Object Totals
         0          0         32          0          0          0   (incl. Generated)
        52          0          3         10          2          0   (incl. Padding)

    ----------------------------------------------------------------------

      Code (inc. data)   RO Data    RW Data    ZI Data      Debug   Library Member Name

        24          4          0          0          0         84   __2printf.o
        44          6          0          0          0         84   __2sprintf.o
         8          0          0          0          0         68   __main.o
       392          4         17          0          0         92   __printf_flags_ss_wp.o
        14          0          0          0          0         68   __printf_wp.o
         0          0          0          0          0          0   __rtentry.o
        12          0          0          0          0          0   __rtentry2.o
         6          0          0          0          0          0   __rtentry4.o
        52          8          0          0          0          0   __scatter.o
        26          0          0          0          0          0   __scatter_copy.o
        28          0          0          0          0          0   __scatter_zi.o
         6          0          0          0          0          0   _printf_a.o
         6          0          0          0          0          0   _printf_c.o
        44          0          0          0          0        108   _printf_char.o
        48          6          0          0          0         96   _printf_char_common.o
        36          4          0          0          0         80   _printf_char_file.o
        40          0          0          0          0         68   _printf_charcount.o
         6          0          0          0          0          0   _printf_d.o
       120         16          0          0          0         92   _printf_dec.o
         6          0          0          0          0          0   _printf_e.o
         6          0          0          0          0          0   _printf_f.o
      1054          0          0          0          0        216   _printf_fp_dec.o
       764          8         38          0          0        100   _printf_fp_hex.o
       128         16          0          0          0         84   _printf_fp_infnan.o
         6          0          0          0          0          0   _printf_g.o
       148          4         40          0          0        160   _printf_hex_int_ll_ptr.o
         6          0          0          0          0          0   _printf_i.o
       178          0          0          0          0         88   _printf_intcommon.o
        10          0          0          0          0          0   _printf_l.o
         6          0          0          0          0          0   _printf_lc.o
        10          0          0          0          0          0   _printf_ll.o
         6          0          0          0          0          0   _printf_lld.o
         6          0          0          0          0          0   _printf_lli.o
         6          0          0          0          0          0   _printf_llo.o
         6          0          0          0          0          0   _printf_llu.o
         6          0          0          0          0          0   _printf_llx.o
       124         16          0          0          0         92   _printf_longlong_dec.o
         6          0          0          0          0          0   _printf_ls.o
         6          0          0          0          0          0   _printf_n.o
         6          0          0          0          0          0   _printf_o.o
       112         10          0          0          0        124   _printf_oct_int_ll.o
         6          0          0          0          0          0   _printf_p.o
        78          0          0          0          0        108   _printf_pad.o
         0          0          0          0          0          0   _printf_percent.o
         4          0          0          0          0          0   _printf_percent_end.o
         6          0          0          0          0          0   _printf_s.o
        82          0          0          0          0         80   _printf_str.o
        36          0          0          0          0         84   _printf_truncate.o
         6          0          0          0          0          0   _printf_u.o
        44          0          0          0          0        108   _printf_wchar.o
       188          6          8          0          0         92   _printf_wctomb.o
         6          0          0          0          0          0   _printf_x.o
        22          0          0          0          0        100   _rserrno.o
        10          0          0          0          0         68   _sputc.o
        64          0          0          0          0         92   _wcrtomb.o
       228          4        148          0          0         96   bigflt0.o
      1936        128          0          0          0        672   btod.o
        18          0          0          0          0         80   exit.o
         8          0          0          0          0         68   ferror.o
         6          0          0          0          0        152   heapauxi.o
        44         10        272          0          0         76   lc_ctype_c.o
        44         10         28          0          0         76   lc_numeric_c.o
         2          0          0          0          0          0   libinit.o
        34          0          0          0          0          0   libinit2.o
         2          0          0          0          0          0   libshutdown.o
         2          0          0          0          0          0   libshutdown2.o
         8          4          0          0         96         68   libspace.o
       138          0          0          0          0         80   lludiv10.o
        16          4          0          0          0         76   rt_ctype_table.o
         8          4          0          0          0         68   rt_errno_addr_intlibspace.o
         8          4          0          0          0         68   rt_locale_intlibspace.o
        68          0          0          0          0         68   rt_memclr.o
        78          0          0          0          0         80   rt_memclr_w.o
       138          0          0          0          0         68   rt_memcpy_v6.o
       100          0          0          0          0         80   rt_memcpy_w.o
         2          0          0          0          0          0   rtexit.o
        10          0          0          0          0          0   rtexit2.o
        24          0          0          0          0         68   strcat.o
       128          0          0          0          0         68   strcmpv7m.o
        62          0          0          0          0         76   strlen.o
        36          0          0          0          0         80   strstr.o
        74          0          0          0          0         80   sys_stackheap_outer.o
         2          0          0          0          0         68   use_no_semi.o
         2          0          0          0          0         68   use_no_semi_2.o
        36          4          0          0          0         76   vsprintf.o
        24          0          0          0          0        116   dcmpi.o
        90          4          0          0          0        140   dfixu.o
        38          0          0          0          0        116   dflt_clz.o
       120          4          0          0          0        140   dleqf.o
       340         12          0          0          0        152   dmul.o
       156          4          0          0          0        140   dnaninf.o
        12          0          0          0          0        116   dretinf.o
       108          0          0          0          0        128   drleqf.o
       408         56          0          0          0        168   dsqrt_umaal.o
        86          4          0          0          0        132   f2d.o
       140          4          0          0          0        132   fnaninf.o
        10          0          0          0          0        116   fpinit.o
         4          0          0          0          0        116   printf1.o
         4          0          0          0          0        116   printf2.o
         0          0          0          0          0          0   usenofp.o
        48          0          0          0          0        124   fpclassify.o
       122          0          0          0          0        148   sqrt.o

    ----------------------------------------------------------------------
      9056        368        556          0        100       6996   Library Totals
        14          0          5          0          4          0   (incl. Padding)

    ----------------------------------------------------------------------

      Code (inc. data)   RO Data    RW Data    ZI Data      Debug   Library Name

      7332        280        551          0         96       4896   c_w.l
      1540         88          0          0          0       1828   fz_wm.l
       170          0          0          0          0        272   m_wm.l

    ----------------------------------------------------------------------
      9056        368        556          0        100       6996   Library Totals

    ----------------------------------------------------------------------

==============================================================================


      Code (inc. data)   RO Data    RW Data    ZI Data      Debug   

     49140       3344       7444        240      16296     477033   Grand Totals
     49140       3344       7444        240      16296     477033   ELF Image Totals
     49140       3344       7444        240          0          0   ROM Totals

==============================================================================

    Total RO  Size (Code + RO Data)                56584 (  55.26kB)
    Total RW  Size (RW Data + ZI Data)             16536 (  16.15kB)
    Total ROM Size (Code + RO Data + RW Data)      56824 (  55.49kB)

==============================================================================

